2026-09-18 05:52:58 [INFO] ============================================================
2026-09-18 05:52:58 [INFO] SESI BARU DIMULAI
2026-09-18 05:52:58 [INFO] ============================================================
2026-09-18 05:53:00 [INFO] Total SKU pada file Excel: 273 item
2026-09-18 05:53:00 [INFO] [*] Memeriksa apakah aplikasi target sudah terbuka...
2026-09-18 05:53:01 [INFO] [+] Aplikasi sudah terbuka dan terdeteksi di layar.
2026-09-18 05:53:01 [INFO] [*] Menjalankan auto-kalibrasi (mendeteksi posisi elemen di aplikasi)...
2026-09-18 05:53:01 [WARNING]     [!] Template untuk 'Kolom 'Cari SKU'' belum ada -> perlu kalibrasi manual.
2026-09-18 05:53:01 [WARNING]     [!] Template untuk 'Kolom 'Request Stock'' belum ada -> perlu kalibrasi manual.
2026-09-18 05:53:01 [WARNING]     [!] Template untuk 'Tombol 'Submit'' belum ada -> perlu kalibrasi manual.
2026-09-18 05:53:01 [INFO] [~] Auto-kalibrasi sebagian: elemen gagal terdeteksi memakai posisi tersimpan.
2026-09-18 05:53:01 [INFO] Penginputan otomatis dimulai dalam 3 detik...
2026-09-18 05:53:01 [INFO] Mulai dalam 3...
2026-09-18 05:53:02 [INFO] Mulai dalam 2...
2026-09-18 05:53:03 [INFO] Mulai dalam 1...
2026-09-18 05:53:04 [INFO] [+] Memulai penginputan data otomatis dari SKU ke-1...
2026-09-18 05:53:04 [INFO] [1/273] Memproses SKU: 10710218 | Request Stock: 10
2026-09-18 05:53:11 [WARNING] [!] PROSES DIHENTIKAN OLEH PENGGUNA.
2026-09-18 05:53:11 [INFO]     Progress sudah tersimpan, klik Mulai lagi untuk melanjutkan.
2026-09-18 05:56:24 [INFO] ============================================================
2026-09-18 05:56:24 [INFO] SESI BARU DIMULAI
2026-09-18 05:56:24 [INFO] ============================================================
2026-09-18 05:56:24 [INFO] Total SKU pada file Excel: 273 item
2026-09-18 05:56:24 [INFO] [*] Memeriksa apakah aplikasi target sudah terbuka...
2026-09-18 05:56:24 [INFO] [+] Aplikasi sudah terbuka dan terdeteksi di layar.
2026-09-18 05:56:24 [INFO] [*] Menjalankan auto-kalibrasi (mendeteksi posisi elemen di aplikasi)...
2026-09-18 05:56:24 [WARNING]     [!] Template untuk 'Kolom 'Cari SKU'' belum ada -> perlu kalibrasi manual.
2026-09-18 05:56:24 [WARNING]     [!] Template untuk 'Kolom 'Request Stock'' belum ada -> perlu kalibrasi manual.
2026-09-18 05:56:24 [WARNING]     [!] Template untuk 'Tombol 'Submit'' belum ada -> perlu kalibrasi manual.
2026-09-18 05:56:24 [INFO] [~] Auto-kalibrasi sebagian: elemen gagal terdeteksi memakai posisi tersimpan.
2026-09-18 05:56:24 [INFO] Penginputan otomatis dimulai dalam 3 detik...
2026-09-18 05:56:24 [INFO] Mulai dalam 3...
2026-09-18 05:56:25 [INFO] Mulai dalam 2...
2026-09-18 05:56:26 [INFO] Mulai dalam 1...
2026-09-18 05:56:27 [INFO] [+] Memulai penginputan data otomatis dari SKU ke-1...
2026-09-18 05:56:27 [INFO] [1/273] Memproses SKU: 10710218 | Request Stock: 10
2026-09-18 05:56:37 [INFO]     [DIFF] Skor perbedaan area form: 44.10 (ambang: 12)
2026-09-18 05:56:37 [INFO]     --> Sukses Submit SKU: 10710218
2026-09-18 05:56:37 [INFO] [2/273] Memproses SKU: 10564467 | Request Stock: 10
2026-09-18 05:56:45 [INFO]     [DIFF] Skor perbedaan area form: 43.71 (ambang: 12)
2026-09-18 05:56:45 [INFO]     --> Sukses Submit SKU: 10564467
2026-09-18 05:56:45 [INFO] [3/273] Memproses SKU: 10605802 | Request Stock: 10
2026-09-18 05:56:54 [INFO]     [DIFF] Skor perbedaan area form: 43.87 (ambang: 12)
2026-09-18 05:56:54 [INFO]     --> Sukses Submit SKU: 10605802
2026-09-18 05:56:54 [INFO] [4/273] Memproses SKU: 10706500 | Request Stock: 10
2026-09-18 05:57:03 [INFO]     [DIFF] Skor perbedaan area form: 43.83 (ambang: 12)
2026-09-18 05:57:03 [INFO]     --> Sukses Submit SKU: 10706500
2026-09-18 05:57:03 [INFO] [5/273] Memproses SKU: 10629685 | Request Stock: 10
2026-09-18 05:57:11 [INFO]     [DIFF] Skor perbedaan area form: 43.93 (ambang: 12)
2026-09-18 05:57:11 [INFO]     --> Sukses Submit SKU: 10629685
2026-09-18 05:57:11 [INFO] [6/273] Memproses SKU: 10633381 | Request Stock: 10
2026-09-18 05:57:20 [INFO]     [DIFF] Skor perbedaan area form: 43.97 (ambang: 12)
2026-09-18 05:57:20 [INFO]     --> Sukses Submit SKU: 10633381
2026-09-18 05:57:20 [INFO] [7/273] Memproses SKU: 285744 | Request Stock: 10
2026-09-18 05:57:29 [INFO]     [DIFF] Skor perbedaan area form: 43.92 (ambang: 12)
2026-09-18 05:57:29 [INFO]     --> Sukses Submit SKU: 285744
2026-09-18 05:57:29 [INFO] [8/273] Memproses SKU: 10522628 | Request Stock: 10
2026-09-18 05:57:38 [INFO]     [DIFF] Skor perbedaan area form: 43.94 (ambang: 12)
2026-09-18 05:57:38 [INFO]     --> Sukses Submit SKU: 10522628
2026-09-18 05:57:38 [INFO] [9/273] Memproses SKU: 10542282 | Request Stock: 10
2026-09-18 05:57:46 [INFO]     [DIFF] Skor perbedaan area form: 0.22 (ambang: 12)
2026-09-18 05:57:46 [WARNING]     [X] Gagal input SKU 10542282 (percobaan 1/3): Verifikasi OCR/screenshot-diff mendeteksi submit GAGAL.
2026-09-18 05:57:57 [INFO]     [DIFF] Skor perbedaan area form: 43.94 (ambang: 12)
2026-09-18 05:57:57 [INFO]     --> Sukses Submit SKU: 10542282
2026-09-18 05:57:57 [INFO] [10/273] Memproses SKU: 10530498 | Request Stock: 10
2026-09-18 05:58:06 [INFO]     [DIFF] Skor perbedaan area form: 44.00 (ambang: 12)
2026-09-18 05:58:06 [INFO]     --> Sukses Submit SKU: 10530498
2026-09-18 05:58:06 [INFO] [11/273] Memproses SKU: 10600118 | Request Stock: 10
2026-09-18 05:58:14 [INFO]     [DIFF] Skor perbedaan area form: 43.87 (ambang: 12)
2026-09-18 05:58:14 [INFO]     --> Sukses Submit SKU: 10600118
2026-09-18 05:58:14 [INFO] [12/273] Memproses SKU: 10564466 | Request Stock: 10
2026-09-18 05:58:23 [INFO]     [DIFF] Skor perbedaan area form: 43.72 (ambang: 12)
2026-09-18 05:58:23 [INFO]     --> Sukses Submit SKU: 10564466
2026-09-18 05:58:23 [INFO] [13/273] Memproses SKU: 285759 | Request Stock: 10
2026-09-18 05:58:32 [INFO]     [DIFF] Skor perbedaan area form: 43.92 (ambang: 12)
2026-09-18 05:58:32 [INFO]     --> Sukses Submit SKU: 285759
2026-09-18 05:58:32 [INFO] [14/273] Memproses SKU: 10597084 | Request Stock: 10
2026-09-18 05:58:41 [INFO]     [DIFF] Skor perbedaan area form: 43.79 (ambang: 12)
2026-09-18 05:58:41 [INFO]     --> Sukses Submit SKU: 10597084
2026-09-18 05:58:41 [INFO] [15/273] Memproses SKU: 10556182 | Request Stock: 10
2026-09-18 05:58:49 [INFO]     [DIFF] Skor perbedaan area form: 43.94 (ambang: 12)
2026-09-18 05:58:49 [INFO]     --> Sukses Submit SKU: 10556182
2026-09-18 05:58:49 [INFO] [16/273] Memproses SKU: 10614009 | Request Stock: 10
2026-09-18 05:58:58 [INFO]     [DIFF] Skor perbedaan area form: 43.86 (ambang: 12)
2026-09-18 05:58:58 [INFO]     --> Sukses Submit SKU: 10614009
2026-09-18 05:58:58 [INFO] [17/273] Memproses SKU: 10614010 | Request Stock: 10
2026-09-18 05:59:07 [INFO]     [DIFF] Skor perbedaan area form: 43.92 (ambang: 12)
2026-09-18 05:59:07 [INFO]     --> Sukses Submit SKU: 10614010
2026-09-18 05:59:07 [INFO] [18/273] Memproses SKU: 10597083 | Request Stock: 10
2026-09-18 05:59:16 [INFO]     [DIFF] Skor perbedaan area form: 43.85 (ambang: 12)
2026-09-18 05:59:16 [INFO]     --> Sukses Submit SKU: 10597083
2026-09-18 05:59:16 [INFO] [19/273] Memproses SKU: 10635407 | Request Stock: 10
2026-09-18 05:59:24 [INFO]     [DIFF] Skor perbedaan area form: 43.95 (ambang: 12)
2026-09-18 05:59:24 [INFO]     --> Sukses Submit SKU: 10635407
2026-09-18 05:59:24 [INFO] [20/273] Memproses SKU: 10599696 | Request Stock: 10
2026-09-18 05:59:33 [INFO]     [DIFF] Skor perbedaan area form: 35.77 (ambang: 12)
2026-09-18 05:59:33 [INFO]     --> Sukses Submit SKU: 10599696
2026-09-18 05:59:33 [INFO] [21/273] Memproses SKU: 10609276 | Request Stock: 10
2026-09-18 05:59:42 [INFO]     [DIFF] Skor perbedaan area form: 44.04 (ambang: 12)
2026-09-18 05:59:42 [INFO]     --> Sukses Submit SKU: 10609276
2026-09-18 05:59:42 [INFO] [22/273] Memproses SKU: 10629684 | Request Stock: 10
2026-09-18 05:59:50 [INFO]     [DIFF] Skor perbedaan area form: 43.93 (ambang: 12)
2026-09-18 05:59:50 [INFO]     --> Sukses Submit SKU: 10629684
2026-09-18 05:59:50 [INFO] [23/273] Memproses SKU: 10695869 | Request Stock: 10
2026-09-18 05:59:59 [INFO]     [DIFF] Skor perbedaan area form: 43.84 (ambang: 12)
2026-09-18 05:59:59 [INFO]     --> Sukses Submit SKU: 10695869
2026-09-18 05:59:59 [INFO] [24/273] Memproses SKU: 10599697 | Request Stock: 10
2026-09-18 06:00:08 [INFO]     [DIFF] Skor perbedaan area form: 10.54 (ambang: 12)
2026-09-18 06:00:08 [WARNING]     [X] Gagal input SKU 10599697 (percobaan 1/3): Verifikasi OCR/screenshot-diff mendeteksi submit GAGAL.
2026-09-18 06:00:19 [INFO]     [DIFF] Skor perbedaan area form: 43.97 (ambang: 12)
2026-09-18 06:00:19 [INFO]     --> Sukses Submit SKU: 10599697
2026-09-18 06:00:19 [INFO] [25/273] Memproses SKU: KW1000647 | Request Stock: 10
2026-09-18 06:00:27 [INFO]     [DIFF] Skor perbedaan area form: 43.88 (ambang: 12)
2026-09-18 06:00:27 [INFO]     --> Sukses Submit SKU: KW1000647
2026-09-18 06:00:27 [INFO] [26/273] Memproses SKU: 313208 | Request Stock: 10
2026-09-18 06:00:36 [INFO]     [DIFF] Skor perbedaan area form: 43.90 (ambang: 12)
2026-09-18 06:00:36 [INFO]     --> Sukses Submit SKU: 313208
2026-09-18 06:00:36 [INFO] [27/273] Memproses SKU: KW0500045 | Request Stock: 10
2026-09-18 06:00:45 [INFO]     [DIFF] Skor perbedaan area form: 43.91 (ambang: 12)
2026-09-18 06:00:45 [INFO]     --> Sukses Submit SKU: KW0500045
2026-09-18 06:00:45 [INFO] [28/273] Memproses SKU: KW0500098 | Request Stock: 10
2026-09-18 06:00:53 [INFO]     [DIFF] Skor perbedaan area form: 43.91 (ambang: 12)
2026-09-18 06:00:53 [INFO]     --> Sukses Submit SKU: KW0500098
2026-09-18 06:00:53 [INFO] [29/273] Memproses SKU: 10659020 | Request Stock: 10
2026-09-18 06:01:02 [INFO]     [DIFF] Skor perbedaan area form: 43.85 (ambang: 12)
2026-09-18 06:01:02 [INFO]     --> Sukses Submit SKU: 10659020
2026-09-18 06:01:02 [INFO] [30/273] Memproses SKU: 10101130 | Request Stock: 10
2026-09-18 06:01:11 [INFO]     [DIFF] Skor perbedaan area form: 43.75 (ambang: 12)
2026-09-18 06:01:11 [INFO]     --> Sukses Submit SKU: 10101130
2026-09-18 06:01:11 [INFO] [31/273] Memproses SKU: 10499452 | Request Stock: 10
2026-09-18 06:01:20 [INFO]     [DIFF] Skor perbedaan area form: 43.89 (ambang: 12)
2026-09-18 06:01:20 [INFO]     --> Sukses Submit SKU: 10499452
2026-09-18 06:01:20 [INFO] [32/273] Memproses SKU: 10605896 | Request Stock: 10
2026-09-18 06:01:28 [INFO]     [DIFF] Skor perbedaan area form: 43.84 (ambang: 12)
2026-09-18 06:01:28 [INFO]     --> Sukses Submit SKU: 10605896
2026-09-18 06:01:28 [INFO] [33/273] Memproses SKU: 10552126 | Request Stock: 10
2026-09-18 06:01:37 [INFO]     [DIFF] Skor perbedaan area form: 44.00 (ambang: 12)
2026-09-18 06:01:37 [INFO]     --> Sukses Submit SKU: 10552126
2026-09-18 06:01:37 [INFO] [34/273] Memproses SKU: 293914 | Request Stock: 10
2026-09-18 06:01:46 [INFO]     [DIFF] Skor perbedaan area form: 43.79 (ambang: 12)
2026-09-18 06:01:46 [INFO]     --> Sukses Submit SKU: 293914
2026-09-18 06:01:46 [INFO] [35/273] Memproses SKU: 10636821 | Request Stock: 10
2026-09-18 06:01:55 [INFO]     [DIFF] Skor perbedaan area form: 43.83 (ambang: 12)
2026-09-18 06:01:55 [INFO]     --> Sukses Submit SKU: 10636821
2026-09-18 06:01:55 [INFO] [36/273] Memproses SKU: 10567192 | Request Stock: 10
2026-09-18 06:02:03 [INFO]     [DIFF] Skor perbedaan area form: 43.95 (ambang: 12)
2026-09-18 06:02:03 [INFO]     --> Sukses Submit SKU: 10567192
2026-09-18 06:02:03 [INFO] [37/273] Memproses SKU: 10684860 | Request Stock: 10
2026-09-18 06:02:12 [INFO]     [DIFF] Skor perbedaan area form: 43.84 (ambang: 12)
2026-09-18 06:02:12 [INFO]     --> Sukses Submit SKU: 10684860
2026-09-18 06:02:12 [INFO] [38/273] Memproses SKU: KW0500397 | Request Stock: 10
2026-09-18 06:02:21 [INFO]     [DIFF] Skor perbedaan area form: 43.91 (ambang: 12)
2026-09-18 06:02:21 [INFO]     --> Sukses Submit SKU: KW0500397
2026-09-18 06:02:21 [INFO] [39/273] Memproses SKU: KW0500396 | Request Stock: 10
2026-09-18 06:02:29 [INFO]     [DIFF] Skor perbedaan area form: 43.91 (ambang: 12)
2026-09-18 06:02:29 [INFO]     --> Sukses Submit SKU: KW0500396
2026-09-18 06:02:29 [INFO] [40/273] Memproses SKU: 10561267 | Request Stock: 10
2026-09-18 06:02:38 [INFO]     [DIFF] Skor perbedaan area form: 43.84 (ambang: 12)
2026-09-18 06:02:38 [INFO]     --> Sukses Submit SKU: 10561267
2026-09-18 06:02:38 [INFO] [41/273] Memproses SKU: 10542019 | Request Stock: 10
2026-09-18 06:02:47 [INFO]     [DIFF] Skor perbedaan area form: 43.93 (ambang: 12)
2026-09-18 06:02:47 [INFO]     --> Sukses Submit SKU: 10542019
2026-09-18 06:02:47 [INFO] [42/273] Memproses SKU: 10609352 | Request Stock: 10
2026-09-18 06:02:56 [INFO]     [DIFF] Skor perbedaan area form: 43.95 (ambang: 12)
2026-09-18 06:02:56 [INFO]     --> Sukses Submit SKU: 10609352
2026-09-18 06:02:56 [INFO] [43/273] Memproses SKU: KW0500288 | Request Stock: 10
2026-09-18 06:03:04 [INFO]     [DIFF] Skor perbedaan area form: 43.91 (ambang: 12)
2026-09-18 06:03:04 [INFO]     --> Sukses Submit SKU: KW0500288
2026-09-18 06:03:04 [INFO] [44/273] Memproses SKU: 10622062 | Request Stock: 10
2026-09-18 06:03:13 [INFO]     [DIFF] Skor perbedaan area form: 0.00 (ambang: 12)
2026-09-18 06:03:13 [WARNING]     [X] Gagal input SKU 10622062 (percobaan 1/3): Verifikasi OCR/screenshot-diff mendeteksi submit GAGAL.
2026-09-18 06:03:24 [INFO]     [DIFF] Skor perbedaan area form: 43.91 (ambang: 12)
2026-09-18 06:03:24 [INFO]     --> Sukses Submit SKU: 10622062
2026-09-18 06:03:24 [INFO] [45/273] Memproses SKU: 10672770 | Request Stock: 10
2026-09-18 06:03:32 [INFO]     [DIFF] Skor perbedaan area form: 43.84 (ambang: 12)
2026-09-18 06:03:32 [INFO]     --> Sukses Submit SKU: 10672770
2026-09-18 06:03:32 [INFO] [46/273] Memproses SKU: 10633389 | Request Stock: 10
2026-09-18 06:03:41 [INFO]     [DIFF] Skor perbedaan area form: 43.95 (ambang: 12)
2026-09-18 06:03:41 [INFO]     --> Sukses Submit SKU: 10633389
2026-09-18 06:03:41 [INFO] [47/273] Memproses SKU: 10597082 | Request Stock: 10
2026-09-18 06:03:50 [INFO]     [DIFF] Skor perbedaan area form: 43.81 (ambang: 12)
2026-09-18 06:03:50 [INFO]     --> Sukses Submit SKU: 10597082
2026-09-18 06:03:50 [INFO] [48/273] Memproses SKU: 10648893 | Request Stock: 10
2026-09-18 06:03:59 [INFO]     [DIFF] Skor perbedaan area form: 43.87 (ambang: 12)
2026-09-18 06:03:59 [INFO]     --> Sukses Submit SKU: 10648893
2026-09-18 06:03:59 [INFO] [49/273] Memproses SKU: 10669286 | Request Stock: 10
2026-09-18 06:04:07 [INFO]     [DIFF] Skor perbedaan area form: 43.79 (ambang: 12)
2026-09-18 06:04:07 [INFO]     --> Sukses Submit SKU: 10669286
2026-09-18 06:04:07 [INFO] [50/273] Memproses SKU: 10669287 | Request Stock: 10
2026-09-18 06:04:16 [INFO]     [DIFF] Skor perbedaan area form: 43.79 (ambang: 12)
2026-09-18 06:04:16 [INFO]     --> Sukses Submit SKU: 10669287
2026-09-18 06:04:16 [INFO] [51/273] Memproses SKU: 10710220 | Request Stock: 10
2026-09-18 06:04:25 [INFO]     [DIFF] Skor perbedaan area form: 43.97 (ambang: 12)
2026-09-18 06:04:25 [INFO]     --> Sukses Submit SKU: 10710220
2026-09-18 06:04:25 [INFO] [52/273] Memproses SKU: 10576918 | Request Stock: 10
2026-09-18 06:04:33 [INFO]     [DIFF] Skor perbedaan area form: 43.87 (ambang: 12)
2026-09-18 06:04:33 [INFO]     --> Sukses Submit SKU: 10576918
2026-09-18 06:04:33 [INFO] [53/273] Memproses SKU: 10608916 | Request Stock: 10
2026-09-18 06:04:42 [INFO]     [DIFF] Skor perbedaan area form: 43.93 (ambang: 12)
2026-09-18 06:04:42 [INFO]     --> Sukses Submit SKU: 10608916
2026-09-18 06:04:42 [INFO] [54/273] Memproses SKU: 10582831 | Request Stock: 10
2026-09-18 06:04:51 [INFO]     [DIFF] Skor perbedaan area form: 44.00 (ambang: 12)
2026-09-18 06:04:51 [INFO]     --> Sukses Submit SKU: 10582831
2026-09-18 06:04:51 [INFO] [55/273] Memproses SKU: 10478401 | Request Stock: 10
2026-09-18 06:05:00 [INFO]     [DIFF] Skor perbedaan area form: 43.93 (ambang: 12)
2026-09-18 06:05:00 [INFO]     --> Sukses Submit SKU: 10478401
2026-09-18 06:05:00 [INFO] [56/273] Memproses SKU: 10551303 | Request Stock: 10
2026-09-18 06:05:08 [INFO]     [DIFF] Skor perbedaan area form: 0.00 (ambang: 12)
2026-09-18 06:05:08 [WARNING]     [X] Gagal input SKU 10551303 (percobaan 1/3): Verifikasi OCR/screenshot-diff mendeteksi submit GAGAL.
2026-09-18 06:05:19 [INFO]     [DIFF] Skor perbedaan area form: 44.02 (ambang: 12)
2026-09-18 06:05:19 [INFO]     --> Sukses Submit SKU: 10551303
2026-09-18 06:05:19 [INFO] [57/273] Memproses SKU: 10499451 | Request Stock: 10
2026-09-18 06:05:28 [INFO]     [DIFF] Skor perbedaan area form: 43.85 (ambang: 12)
2026-09-18 06:05:28 [INFO]     --> Sukses Submit SKU: 10499451
2026-09-18 06:05:28 [INFO] [58/273] Memproses SKU: 10144672 | Request Stock: 10
2026-09-18 06:05:36 [INFO]     [DIFF] Skor perbedaan area form: 43.86 (ambang: 12)
2026-09-18 06:05:36 [INFO]     --> Sukses Submit SKU: 10144672
2026-09-18 06:05:36 [INFO] [59/273] Memproses SKU: 10662187 | Request Stock: 10
2026-09-18 06:05:45 [INFO]     [DIFF] Skor perbedaan area form: 43.94 (ambang: 12)
2026-09-18 06:05:45 [INFO]     --> Sukses Submit SKU: 10662187
2026-09-18 06:05:45 [INFO] [60/273] Memproses SKU: 10131047 | Request Stock: 10
2026-09-18 06:05:54 [INFO]     [DIFF] Skor perbedaan area form: 43.94 (ambang: 12)
2026-09-18 06:05:54 [INFO]     --> Sukses Submit SKU: 10131047
2026-09-18 06:05:54 [INFO] [61/273] Memproses SKU: 280134 | Request Stock: 10
2026-09-18 06:06:03 [INFO]     [DIFF] Skor perbedaan area form: 43.92 (ambang: 12)
2026-09-18 06:06:03 [INFO]     --> Sukses Submit SKU: 280134
2026-09-18 06:06:03 [INFO] [62/273] Memproses SKU: 10608915 | Request Stock: 10
2026-09-18 06:06:11 [INFO]     [DIFF] Skor perbedaan area form: 43.90 (ambang: 12)
2026-09-18 06:06:11 [INFO]     --> Sukses Submit SKU: 10608915
2026-09-18 06:06:11 [INFO] [63/273] Memproses SKU: 10552125 | Request Stock: 10
2026-09-18 06:06:20 [INFO]     [DIFF] Skor perbedaan area form: 43.90 (ambang: 12)
2026-09-18 06:06:20 [INFO]     --> Sukses Submit SKU: 10552125
2026-09-18 06:06:20 [INFO] [64/273] Memproses SKU: 10706501 | Request Stock: 10
2026-09-18 06:06:29 [INFO]     [DIFF] Skor perbedaan area form: 43.78 (ambang: 12)
2026-09-18 06:06:29 [INFO]     --> Sukses Submit SKU: 10706501
2026-09-18 06:06:29 [INFO] [65/273] Memproses SKU: 10637955 | Request Stock: 10
2026-09-18 06:06:38 [INFO]     [DIFF] Skor perbedaan area form: 43.99 (ambang: 12)
2026-09-18 06:06:38 [INFO]     --> Sukses Submit SKU: 10637955
2026-09-18 06:06:38 [INFO] [66/273] Memproses SKU: 10609274 | Request Stock: 10
2026-09-18 06:06:46 [INFO]     [DIFF] Skor perbedaan area form: 43.98 (ambang: 12)
2026-09-18 06:06:46 [INFO]     --> Sukses Submit SKU: 10609274
2026-09-18 06:06:46 [INFO] [67/273] Memproses SKU: 10710219 | Request Stock: 10
2026-09-18 06:06:55 [INFO]     [DIFF] Skor perbedaan area form: 43.99 (ambang: 12)
2026-09-18 06:06:55 [INFO]     --> Sukses Submit SKU: 10710219
2026-09-18 06:06:55 [INFO] [68/273] Memproses SKU: 70129356 | Request Stock: 10
2026-09-18 06:07:04 [INFO]     [DIFF] Skor perbedaan area form: 44.07 (ambang: 12)
2026-09-18 06:07:04 [INFO]     --> Sukses Submit SKU: 70129356
2026-09-18 06:07:04 [INFO] [69/273] Memproses SKU: 10561842 | Request Stock: 10
2026-09-18 06:07:12 [INFO]     [DIFF] Skor perbedaan area form: 44.07 (ambang: 12)
2026-09-18 06:07:12 [INFO]     --> Sukses Submit SKU: 10561842
2026-09-18 06:07:12 [INFO] [70/273] Memproses SKU: 10614006 | Request Stock: 10
2026-09-18 06:07:21 [INFO]     [DIFF] Skor perbedaan area form: 44.07 (ambang: 12)
2026-09-18 06:07:21 [INFO]     --> Sukses Submit SKU: 10614006
2026-09-18 06:07:21 [INFO] [71/273] Memproses SKU: 10107399 | Request Stock: 10
2026-09-18 06:07:30 [INFO]     [DIFF] Skor perbedaan area form: 43.91 (ambang: 12)
2026-09-18 06:07:30 [INFO]     --> Sukses Submit SKU: 10107399
2026-09-18 06:07:30 [INFO] [72/273] Memproses SKU: 10467624 | Request Stock: 10
2026-09-18 06:07:38 [INFO]     [DIFF] Skor perbedaan area form: 43.91 (ambang: 12)
2026-09-18 06:07:38 [INFO]     --> Sukses Submit SKU: 10467624
2026-09-18 06:07:39 [INFO] [73/273] Memproses SKU: 10096734 | Request Stock: 10
2026-09-18 06:07:47 [INFO]     [DIFF] Skor perbedaan area form: 43.88 (ambang: 12)
2026-09-18 06:07:47 [INFO]     --> Sukses Submit SKU: 10096734
2026-09-18 06:07:47 [INFO] [74/273] Memproses SKU: 10009627 | Request Stock: 10
2026-09-18 06:07:56 [INFO]     [DIFF] Skor perbedaan area form: 43.86 (ambang: 12)
2026-09-18 06:07:56 [INFO]     --> Sukses Submit SKU: 10009627
2026-09-18 06:07:56 [INFO] [75/273] Memproses SKU: 10609351 | Request Stock: 10
2026-09-18 06:08:05 [INFO]     [DIFF] Skor perbedaan area form: 44.03 (ambang: 12)
2026-09-18 06:08:05 [INFO]     --> Sukses Submit SKU: 10609351
2026-09-18 06:08:05 [INFO] [76/273] Memproses SKU: 225281 | Request Stock: 10
2026-09-18 06:08:13 [INFO]     [DIFF] Skor perbedaan area form: 44.08 (ambang: 12)
2026-09-18 06:08:13 [INFO]     --> Sukses Submit SKU: 225281
2026-09-18 06:08:13 [INFO] [77/273] Memproses SKU: 10603354 | Request Stock: 10
2026-09-18 06:08:22 [INFO]     [DIFF] Skor perbedaan area form: 43.86 (ambang: 12)
2026-09-18 06:08:22 [INFO]     --> Sukses Submit SKU: 10603354
2026-09-18 06:08:22 [INFO] [78/273] Memproses SKU: 227013 | Request Stock: 10
2026-09-18 06:08:31 [INFO]     [DIFF] Skor perbedaan area form: 43.77 (ambang: 12)
2026-09-18 06:08:31 [INFO]     --> Sukses Submit SKU: 227013
2026-09-18 06:08:31 [INFO] [79/273] Memproses SKU: 10695209 | Request Stock: 10
2026-09-18 06:08:40 [INFO]     [DIFF] Skor perbedaan area form: 43.93 (ambang: 12)
2026-09-18 06:08:40 [INFO]     --> Sukses Submit SKU: 10695209
2026-09-18 06:08:40 [INFO] [80/273] Memproses SKU: 10552122 | Request Stock: 10
2026-09-18 06:08:48 [INFO]     [DIFF] Skor perbedaan area form: 44.00 (ambang: 12)
2026-09-18 06:08:48 [INFO]     --> Sukses Submit SKU: 10552122
2026-09-18 06:08:48 [INFO] [81/273] Memproses SKU: 70129355 | Request Stock: 10
2026-09-18 06:08:57 [INFO]     [DIFF] Skor perbedaan area form: 44.00 (ambang: 12)
2026-09-18 06:08:57 [INFO]     --> Sukses Submit SKU: 70129355
2026-09-18 06:08:57 [INFO] [82/273] Memproses SKU: KW1300924 | Request Stock: 10
2026-09-18 06:09:06 [INFO]     [DIFF] Skor perbedaan area form: 43.81 (ambang: 12)
2026-09-18 06:09:06 [INFO]     --> Sukses Submit SKU: KW1300924
2026-09-18 06:09:06 [INFO] [83/273] Memproses SKU: 10219465 | Request Stock: 10
2026-09-18 06:09:14 [INFO]     [DIFF] Skor perbedaan area form: 43.86 (ambang: 12)
2026-09-18 06:09:14 [INFO]     --> Sukses Submit SKU: 10219465
2026-09-18 06:09:14 [INFO] [84/273] Memproses SKU: 10571299 | Request Stock: 10
2026-09-18 06:09:23 [INFO]     [DIFF] Skor perbedaan area form: 43.87 (ambang: 12)
2026-09-18 06:09:23 [INFO]     --> Sukses Submit SKU: 10571299
2026-09-18 06:09:23 [INFO] [85/273] Memproses SKU: 10641323 | Request Stock: 10
2026-09-18 06:09:32 [INFO]     [DIFF] Skor perbedaan area form: 43.90 (ambang: 12)
2026-09-18 06:09:32 [INFO]     --> Sukses Submit SKU: 10641323
2026-09-18 06:09:32 [INFO] [86/273] Memproses SKU: 10609356 | Request Stock: 10
2026-09-18 06:09:41 [INFO]     [DIFF] Skor perbedaan area form: 43.95 (ambang: 12)
2026-09-18 06:09:41 [INFO]     --> Sukses Submit SKU: 10609356
2026-09-18 06:09:41 [INFO] [87/273] Memproses SKU: 10609277 | Request Stock: 10
2026-09-18 06:09:49 [INFO]     [DIFF] Skor perbedaan area form: 43.89 (ambang: 12)
2026-09-18 06:09:49 [INFO]     --> Sukses Submit SKU: 10609277
2026-09-18 06:09:49 [INFO] [88/273] Memproses SKU: KW1000818 | Request Stock: 10
2026-09-18 06:09:58 [INFO]     [DIFF] Skor perbedaan area form: 43.88 (ambang: 12)
2026-09-18 06:09:58 [INFO]     --> Sukses Submit SKU: KW1000818
2026-09-18 06:09:58 [INFO] [89/273] Memproses SKU: 10148522 | Request Stock: 10
2026-09-18 06:10:07 [INFO]     [DIFF] Skor perbedaan area form: 43.80 (ambang: 12)
2026-09-18 06:10:07 [INFO]     --> Sukses Submit SKU: 10148522
2026-09-18 06:10:07 [INFO] [90/273] Memproses SKU: 10448690 | Request Stock: 10
2026-09-18 06:10:16 [INFO]     [DIFF] Skor perbedaan area form: 43.94 (ambang: 12)
2026-09-18 06:10:16 [INFO]     --> Sukses Submit SKU: 10448690
2026-09-18 06:10:16 [INFO] [91/273] Memproses SKU: 10448691 | Request Stock: 10
2026-09-18 06:10:24 [INFO]     [DIFF] Skor perbedaan area form: 43.94 (ambang: 12)
2026-09-18 06:10:24 [INFO]     --> Sukses Submit SKU: 10448691
2026-09-18 06:10:24 [INFO] [92/273] Memproses SKU: 10677305 | Request Stock: 10
2026-09-18 06:10:33 [INFO]     [DIFF] Skor perbedaan area form: 43.87 (ambang: 12)
2026-09-18 06:10:33 [INFO]     --> Sukses Submit SKU: 10677305
2026-09-18 06:10:33 [INFO] [93/273] Memproses SKU: 266334 | Request Stock: 10
2026-09-18 06:10:42 [INFO]     [DIFF] Skor perbedaan area form: 43.79 (ambang: 12)
2026-09-18 06:10:42 [INFO]     --> Sukses Submit SKU: 266334
2026-09-18 06:10:42 [INFO] [94/273] Memproses SKU: 10551834 | Request Stock: 10
2026-09-18 06:10:50 [INFO]     [DIFF] Skor perbedaan area form: 44.09 (ambang: 12)
2026-09-18 06:10:50 [INFO]     --> Sukses Submit SKU: 10551834
2026-09-18 06:10:51 [INFO] [95/273] Memproses SKU: 227012 | Request Stock: 10
2026-09-18 06:10:59 [INFO]     [DIFF] Skor perbedaan area form: 43.77 (ambang: 12)
2026-09-18 06:10:59 [INFO]     --> Sukses Submit SKU: 227012
2026-09-18 06:10:59 [INFO] [96/273] Memproses SKU: 10662186 | Request Stock: 10
2026-09-18 06:11:08 [INFO]     [DIFF] Skor perbedaan area form: 43.94 (ambang: 12)
2026-09-18 06:11:08 [INFO]     --> Sukses Submit SKU: 10662186
2026-09-18 06:11:08 [INFO] [97/273] Memproses SKU: 10630920 | Request Stock: 10
2026-09-18 06:11:17 [INFO]     [DIFF] Skor perbedaan area form: 10.64 (ambang: 12)
2026-09-18 06:11:17 [WARNING]     [X] Gagal input SKU 10630920 (percobaan 1/3): Verifikasi OCR/screenshot-diff mendeteksi submit GAGAL.
2026-09-18 06:11:27 [INFO]     [DIFF] Skor perbedaan area form: 43.85 (ambang: 12)
2026-09-18 06:11:27 [INFO]     --> Sukses Submit SKU: 10630920
2026-09-18 06:11:27 [INFO] [98/273] Memproses SKU: 10662185 | Request Stock: 10
2026-09-18 06:11:36 [INFO]     [DIFF] Skor perbedaan area form: 43.94 (ambang: 12)
2026-09-18 06:11:36 [INFO]     --> Sukses Submit SKU: 10662185
2026-09-18 06:11:36 [INFO] [99/273] Memproses SKU: 10629687 | Request Stock: 10
2026-09-18 06:11:45 [INFO]     [DIFF] Skor perbedaan area form: 43.93 (ambang: 12)
2026-09-18 06:11:45 [INFO]     --> Sukses Submit SKU: 10629687
2026-09-18 06:11:45 [INFO] [100/273] Memproses SKU: 10041563 | Request Stock: 10
2026-09-18 06:11:54 [INFO]     [DIFF] Skor perbedaan area form: 43.92 (ambang: 12)
2026-09-18 06:11:54 [INFO]     --> Sukses Submit SKU: 10041563
2026-09-18 06:11:54 [INFO] [101/273] Memproses SKU: 10633380 | Request Stock: 10
2026-09-18 06:12:02 [INFO]     [DIFF] Skor perbedaan area form: 43.93 (ambang: 12)
2026-09-18 06:12:02 [INFO]     --> Sukses Submit SKU: 10633380
2026-09-18 06:12:02 [INFO] [102/273] Memproses SKU: 10633379 | Request Stock: 10
2026-09-18 06:12:11 [INFO]     [DIFF] Skor perbedaan area form: 43.96 (ambang: 12)
2026-09-18 06:12:11 [INFO]     --> Sukses Submit SKU: 10633379
2026-09-18 06:12:11 [INFO] [103/273] Memproses SKU: 10630919 | Request Stock: 10
2026-09-18 06:12:20 [INFO]     [DIFF] Skor perbedaan area form: 43.85 (ambang: 12)
2026-09-18 06:12:20 [INFO]     --> Sukses Submit SKU: 10630919
2026-09-18 06:12:20 [INFO] [104/273] Memproses SKU: 10606834 | Request Stock: 10
2026-09-18 06:12:28 [INFO]     [DIFF] Skor perbedaan area form: 43.98 (ambang: 12)
2026-09-18 06:12:28 [INFO]     --> Sukses Submit SKU: 10606834
2026-09-18 06:12:28 [INFO] [105/273] Memproses SKU: 10530500 | Request Stock: 10
2026-09-18 06:12:37 [INFO]     [DIFF] Skor perbedaan area form: 44.00 (ambang: 12)
2026-09-18 06:12:37 [INFO]     --> Sukses Submit SKU: 10530500
2026-09-18 06:12:37 [INFO] [106/273] Memproses SKU: 10641600 | Request Stock: 10
2026-09-18 06:12:46 [INFO]     [DIFF] Skor perbedaan area form: 44.11 (ambang: 12)
2026-09-18 06:12:46 [INFO]     --> Sukses Submit SKU: 10641600
2026-09-18 06:12:46 [INFO] [107/273] Memproses SKU: 10683619 | Request Stock: 10
2026-09-18 06:12:55 [INFO]     [DIFF] Skor perbedaan area form: 43.84 (ambang: 12)
2026-09-18 06:12:55 [INFO]     --> Sukses Submit SKU: 10683619
2026-09-18 06:12:55 [INFO] [108/273] Memproses SKU: 10556183 | Request Stock: 10
2026-09-18 06:13:03 [INFO]     [DIFF] Skor perbedaan area form: 43.94 (ambang: 12)
2026-09-18 06:13:03 [INFO]     --> Sukses Submit SKU: 10556183
2026-09-18 06:13:03 [INFO] [109/273] Memproses SKU: 10684365 | Request Stock: 10
2026-09-18 06:13:12 [INFO]     [DIFF] Skor perbedaan area form: 43.98 (ambang: 12)
2026-09-18 06:13:12 [INFO]     --> Sukses Submit SKU: 10684365
2026-09-18 06:13:12 [INFO] [110/273] Memproses SKU: 10629686 | Request Stock: 10
2026-09-18 06:13:21 [INFO]     [DIFF] Skor perbedaan area form: 43.93 (ambang: 12)
2026-09-18 06:13:21 [INFO]     --> Sukses Submit SKU: 10629686
2026-09-18 06:13:21 [INFO] [111/273] Memproses SKU: 10695870 | Request Stock: 10
2026-09-18 06:13:30 [INFO]     [DIFF] Skor perbedaan area form: 43.84 (ambang: 12)
2026-09-18 06:13:30 [INFO]     --> Sukses Submit SKU: 10695870
2026-09-18 06:13:30 [INFO] [112/273] Memproses SKU: 216504 | Request Stock: 10
2026-09-18 06:13:38 [INFO]     [DIFF] Skor perbedaan area form: 43.94 (ambang: 12)
2026-09-18 06:13:38 [INFO]     --> Sukses Submit SKU: 216504
2026-09-18 06:13:38 [INFO] [113/273] Memproses SKU: 10542280 | Request Stock: 10
2026-09-18 06:13:47 [INFO]     [DIFF] Skor perbedaan area form: 0.22 (ambang: 12)
2026-09-18 06:13:47 [WARNING]     [X] Gagal input SKU 10542280 (percobaan 1/3): Verifikasi OCR/screenshot-diff mendeteksi submit GAGAL.
2026-09-18 06:13:58 [INFO]     [DIFF] Skor perbedaan area form: 43.99 (ambang: 12)
2026-09-18 06:13:58 [INFO]     --> Sukses Submit SKU: 10542280
2026-09-18 06:13:58 [INFO] [114/273] Memproses SKU: 10658250 | Request Stock: 10
2026-09-18 06:14:06 [INFO]     [DIFF] Skor perbedaan area form: 43.83 (ambang: 12)
2026-09-18 06:14:06 [INFO]     --> Sukses Submit SKU: 10658250
2026-09-18 06:14:06 [INFO] [115/273] Memproses SKU: 10551354 | Request Stock: 10
2026-09-18 06:14:15 [INFO]     [DIFF] Skor perbedaan area form: 43.98 (ambang: 12)
2026-09-18 06:14:15 [INFO]     --> Sukses Submit SKU: 10551354
2026-09-18 06:14:15 [INFO] [116/273] Memproses SKU: 10648168 | Request Stock: 10
2026-09-18 06:14:24 [INFO]     [DIFF] Skor perbedaan area form: 43.85 (ambang: 12)
2026-09-18 06:14:24 [INFO]     --> Sukses Submit SKU: 10648168
2026-09-18 06:14:24 [INFO] [117/273] Memproses SKU: 10544841 | Request Stock: 10
2026-09-18 06:14:33 [INFO]     [DIFF] Skor perbedaan area form: 43.99 (ambang: 12)
2026-09-18 06:14:33 [INFO]     --> Sukses Submit SKU: 10544841
2026-09-18 06:14:33 [INFO] [118/273] Memproses SKU: 10567185 | Request Stock: 10
2026-09-18 06:14:41 [INFO]     [DIFF] Skor perbedaan area form: 44.07 (ambang: 12)
2026-09-18 06:14:41 [INFO]     --> Sukses Submit SKU: 10567185
2026-09-18 06:14:41 [INFO] [119/273] Memproses SKU: 10597554 | Request Stock: 10
2026-09-18 06:14:50 [INFO]     [DIFF] Skor perbedaan area form: 43.85 (ambang: 12)
2026-09-18 06:14:50 [INFO]     --> Sukses Submit SKU: 10597554
2026-09-18 06:14:50 [INFO] [120/273] Memproses SKU: 10542888 | Request Stock: 10
2026-09-18 06:14:59 [INFO]     [DIFF] Skor perbedaan area form: 43.94 (ambang: 12)
2026-09-18 06:14:59 [INFO]     --> Sukses Submit SKU: 10542888
2026-09-18 06:14:59 [INFO] [121/273] Memproses SKU: 10296155 | Request Stock: 10
2026-09-18 06:15:08 [INFO]     [DIFF] Skor perbedaan area form: 43.99 (ambang: 12)
2026-09-18 06:15:08 [INFO]     --> Sukses Submit SKU: 10296155
2026-09-18 06:15:08 [INFO] [122/273] Memproses SKU: 10701570 | Request Stock: 10
2026-09-18 06:15:16 [INFO]     [DIFF] Skor perbedaan area form: 43.68 (ambang: 12)
2026-09-18 06:15:16 [INFO]     --> Sukses Submit SKU: 10701570
2026-09-18 06:15:16 [INFO] [123/273] Memproses SKU: 10148523 | Request Stock: 10
2026-09-18 06:15:25 [INFO]     [DIFF] Skor perbedaan area form: 44.03 (ambang: 12)
2026-09-18 06:15:25 [INFO]     --> Sukses Submit SKU: 10148523
2026-09-18 06:15:25 [INFO] [124/273] Memproses SKU: 10148524 | Request Stock: 10
2026-09-18 06:15:34 [INFO]     [DIFF] Skor perbedaan area form: 43.88 (ambang: 12)
2026-09-18 06:15:34 [INFO]     --> Sukses Submit SKU: 10148524
2026-09-18 06:15:34 [INFO] [125/273] Memproses SKU: 10180234 | Request Stock: 10
2026-09-18 06:15:43 [INFO]     [DIFF] Skor perbedaan area form: 44.03 (ambang: 12)
2026-09-18 06:15:43 [INFO]     --> Sukses Submit SKU: 10180234
2026-09-18 06:15:43 [INFO] [126/273] Memproses SKU: 10627888 | Request Stock: 10
2026-09-18 06:15:51 [INFO]     [DIFF] Skor perbedaan area form: 43.76 (ambang: 12)
2026-09-18 06:15:51 [INFO]     --> Sukses Submit SKU: 10627888
2026-09-18 06:15:51 [INFO] [127/273] Memproses SKU: KW1300467 | Request Stock: 10
2026-09-18 06:16:00 [INFO]     [DIFF] Skor perbedaan area form: 43.81 (ambang: 12)
2026-09-18 06:16:00 [INFO]     --> Sukses Submit SKU: KW1300467
2026-09-18 06:16:00 [INFO] [128/273] Memproses SKU: 10566524 | Request Stock: 10
2026-09-18 06:16:09 [INFO]     [DIFF] Skor perbedaan area form: 43.86 (ambang: 12)
2026-09-18 06:16:09 [INFO]     --> Sukses Submit SKU: 10566524
2026-09-18 06:16:09 [INFO] [129/273] Memproses SKU: 262891 | Request Stock: 10
2026-09-18 06:16:17 [INFO]     [DIFF] Skor perbedaan area form: 43.76 (ambang: 12)
2026-09-18 06:16:17 [INFO]     --> Sukses Submit SKU: 262891
2026-09-18 06:16:17 [INFO] [130/273] Memproses SKU: 10591508 | Request Stock: 10
2026-09-18 06:16:26 [INFO]     [DIFF] Skor perbedaan area form: 43.88 (ambang: 12)
2026-09-18 06:16:26 [INFO]     --> Sukses Submit SKU: 10591508
2026-09-18 06:16:26 [INFO] [131/273] Memproses SKU: 10695901 | Request Stock: 10
2026-09-18 06:16:35 [INFO]     [DIFF] Skor perbedaan area form: 43.76 (ambang: 12)
2026-09-18 06:16:35 [INFO]     --> Sukses Submit SKU: 10695901
2026-09-18 06:16:35 [INFO] [132/273] Memproses SKU: 10609354 | Request Stock: 10
2026-09-18 06:16:44 [INFO]     [DIFF] Skor perbedaan area form: 43.83 (ambang: 12)
2026-09-18 06:16:44 [INFO]     --> Sukses Submit SKU: 10609354
2026-09-18 06:16:44 [INFO] [133/273] Memproses SKU: 10482841 | Request Stock: 10
2026-09-18 06:16:52 [INFO]     [DIFF] Skor perbedaan area form: 43.90 (ambang: 12)
2026-09-18 06:16:52 [INFO]     --> Sukses Submit SKU: 10482841
2026-09-18 06:16:52 [INFO] [134/273] Memproses SKU: 10606699 | Request Stock: 10
2026-09-18 06:17:01 [INFO]     [DIFF] Skor perbedaan area form: 43.84 (ambang: 12)
2026-09-18 06:17:01 [INFO]     --> Sukses Submit SKU: 10606699
2026-09-18 06:17:01 [INFO] [135/273] Memproses SKU: 10573382 | Request Stock: 10
2026-09-18 06:17:10 [INFO]     [DIFF] Skor perbedaan area form: 43.86 (ambang: 12)
2026-09-18 06:17:10 [INFO]     --> Sukses Submit SKU: 10573382
2026-09-18 06:17:10 [INFO] [136/273] Memproses SKU: 10541656 | Request Stock: 10
2026-09-18 06:17:18 [INFO]     [DIFF] Skor perbedaan area form: 43.80 (ambang: 12)
2026-09-18 06:17:18 [INFO]     --> Sukses Submit SKU: 10541656
2026-09-18 06:17:18 [INFO] [137/273] Memproses SKU: 10541655 | Request Stock: 10
2026-09-18 06:17:27 [INFO]     [DIFF] Skor perbedaan area form: 43.88 (ambang: 12)
2026-09-18 06:17:27 [INFO]     --> Sukses Submit SKU: 10541655
2026-09-18 06:17:27 [INFO] [138/273] Memproses SKU: 10649473 | Request Stock: 10
2026-09-18 06:17:36 [INFO]     [DIFF] Skor perbedaan area form: 43.84 (ambang: 12)
2026-09-18 06:17:36 [INFO]     --> Sukses Submit SKU: 10649473
2026-09-18 06:17:36 [INFO] [139/273] Memproses SKU: 10649474 | Request Stock: 10
2026-09-18 06:17:45 [INFO]     [DIFF] Skor perbedaan area form: 43.84 (ambang: 12)
2026-09-18 06:17:45 [INFO]     --> Sukses Submit SKU: 10649474
2026-09-18 06:17:45 [INFO] [140/273] Memproses SKU: 10552116 | Request Stock: 10
2026-09-18 06:17:53 [INFO]     [DIFF] Skor perbedaan area form: 43.95 (ambang: 12)
2026-09-18 06:17:53 [INFO]     --> Sukses Submit SKU: 10552116
2026-09-18 06:17:53 [INFO] [141/273] Memproses SKU: 10523495 | Request Stock: 10
2026-09-18 06:18:02 [INFO]     [DIFF] Skor perbedaan area form: 43.88 (ambang: 12)
2026-09-18 06:18:02 [INFO]     --> Sukses Submit SKU: 10523495
2026-09-18 06:18:02 [INFO] [142/273] Memproses SKU: KW1000788 | Request Stock: 10
2026-09-18 06:18:11 [INFO]     [DIFF] Skor perbedaan area form: 43.79 (ambang: 12)
2026-09-18 06:18:11 [INFO]     --> Sukses Submit SKU: KW1000788
2026-09-18 06:18:11 [INFO] [143/273] Memproses SKU: 10667291 | Request Stock: 10
2026-09-18 06:18:20 [INFO]     [DIFF] Skor perbedaan area form: 43.90 (ambang: 12)
2026-09-18 06:18:20 [INFO]     --> Sukses Submit SKU: 10667291
2026-09-18 06:18:20 [INFO] [144/273] Memproses SKU: 10667292 | Request Stock: 10
2026-09-18 06:18:28 [INFO]     [DIFF] Skor perbedaan area form: 43.90 (ambang: 12)
2026-09-18 06:18:28 [INFO]     --> Sukses Submit SKU: 10667292
2026-09-18 06:18:28 [INFO] [145/273] Memproses SKU: 10608793 | Request Stock: 10
2026-09-18 06:18:37 [INFO]     [DIFF] Skor perbedaan area form: 44.01 (ambang: 12)
2026-09-18 06:18:37 [INFO]     --> Sukses Submit SKU: 10608793
2026-09-18 06:18:37 [INFO] [146/273] Memproses SKU: 10551305 | Request Stock: 10
2026-09-18 06:18:46 [INFO]     [DIFF] Skor perbedaan area form: 0.00 (ambang: 12)
2026-09-18 06:18:46 [WARNING]     [X] Gagal input SKU 10551305 (percobaan 1/3): Verifikasi OCR/screenshot-diff mendeteksi submit GAGAL.
2026-09-18 06:18:56 [INFO]     [DIFF] Skor perbedaan area form: 43.98 (ambang: 12)
2026-09-18 06:18:56 [INFO]     --> Sukses Submit SKU: 10551305
2026-09-18 06:18:56 [INFO] [147/273] Memproses SKU: 270104 | Request Stock: 10
2026-09-18 06:19:05 [INFO]     [DIFF] Skor perbedaan area form: 43.77 (ambang: 12)
2026-09-18 06:19:05 [INFO]     --> Sukses Submit SKU: 270104
2026-09-18 06:19:05 [INFO] [148/273] Memproses SKU: 10610168 | Request Stock: 10
2026-09-18 06:19:14 [INFO]     [DIFF] Skor perbedaan area form: 44.04 (ambang: 12)
2026-09-18 06:19:14 [INFO]     --> Sukses Submit SKU: 10610168
2026-09-18 06:19:14 [INFO] [149/273] Memproses SKU: 10089521 | Request Stock: 10
2026-09-18 06:19:23 [INFO]     [DIFF] Skor perbedaan area form: 43.87 (ambang: 12)
2026-09-18 06:19:23 [INFO]     --> Sukses Submit SKU: 10089521
2026-09-18 06:19:23 [INFO] [150/273] Memproses SKU: 10612222 | Request Stock: 10
2026-09-18 06:19:31 [INFO]     [DIFF] Skor perbedaan area form: 43.90 (ambang: 12)
2026-09-18 06:19:31 [INFO]     --> Sukses Submit SKU: 10612222
2026-09-18 06:19:31 [INFO] [151/273] Memproses SKU: 10558467 | Request Stock: 10
2026-09-18 06:19:40 [INFO]     [DIFF] Skor perbedaan area form: 43.89 (ambang: 12)
2026-09-18 06:19:40 [INFO]     --> Sukses Submit SKU: 10558467
2026-09-18 06:19:40 [INFO] [152/273] Memproses SKU: 10565094 | Request Stock: 10
2026-09-18 06:19:49 [INFO]     [DIFF] Skor perbedaan area form: 43.90 (ambang: 12)
2026-09-18 06:19:49 [INFO]     --> Sukses Submit SKU: 10565094
2026-09-18 06:19:49 [INFO] [153/273] Memproses SKU: 10631601 | Request Stock: 10
2026-09-18 06:19:57 [INFO]     [DIFF] Skor perbedaan area form: 43.79 (ambang: 12)
2026-09-18 06:19:57 [INFO]     --> Sukses Submit SKU: 10631601
2026-09-18 06:19:57 [INFO] [154/273] Memproses SKU: 10621476 | Request Stock: 10
2026-09-18 06:20:06 [INFO]     [DIFF] Skor perbedaan area form: 43.93 (ambang: 12)
2026-09-18 06:20:06 [INFO]     --> Sukses Submit SKU: 10621476
2026-09-18 06:20:06 [INFO] [155/273] Memproses SKU: 10621475 | Request Stock: 10
2026-09-18 06:20:15 [INFO]     [DIFF] Skor perbedaan area form: 43.93 (ambang: 12)
2026-09-18 06:20:15 [INFO]     --> Sukses Submit SKU: 10621475
2026-09-18 06:20:15 [INFO] [156/273] Memproses SKU: 10573147 | Request Stock: 10
2026-09-18 06:20:24 [INFO]     [DIFF] Skor perbedaan area form: 43.76 (ambang: 12)
2026-09-18 06:20:24 [INFO]     --> Sukses Submit SKU: 10573147
2026-09-18 06:20:24 [INFO] [157/273] Memproses SKU: 262897 | Request Stock: 10
2026-09-18 06:20:32 [INFO]     [DIFF] Skor perbedaan area form: 43.97 (ambang: 12)
2026-09-18 06:20:32 [INFO]     --> Sukses Submit SKU: 262897
2026-09-18 06:20:32 [INFO] [158/273] Memproses SKU: 10669284 | Request Stock: 10
2026-09-18 06:20:41 [INFO]     [DIFF] Skor perbedaan area form: 43.84 (ambang: 12)
2026-09-18 06:20:41 [INFO]     --> Sukses Submit SKU: 10669284
2026-09-18 06:20:41 [INFO] [159/273] Memproses SKU: VC0000099 | Request Stock: 10
2026-09-18 06:20:50 [INFO]     [DIFF] Skor perbedaan area form: 43.79 (ambang: 12)
2026-09-18 06:20:50 [INFO]     --> Sukses Submit SKU: VC0000099
2026-09-18 06:20:50 [INFO] [160/273] Memproses SKU: 10674101 | Request Stock: 10
2026-09-18 06:20:59 [INFO]     [DIFF] Skor perbedaan area form: 43.84 (ambang: 12)
2026-09-18 06:20:59 [INFO]     --> Sukses Submit SKU: 10674101
2026-09-18 06:20:59 [INFO] [161/273] Memproses SKU: 10127893 | Request Stock: 10
2026-09-18 06:21:07 [INFO]     [DIFF] Skor perbedaan area form: 44.03 (ambang: 12)
2026-09-18 06:21:07 [INFO]     --> Sukses Submit SKU: 10127893
2026-09-18 06:21:07 [INFO] [162/273] Memproses SKU: 10467622 | Request Stock: 10
2026-09-18 06:21:16 [INFO]     [DIFF] Skor perbedaan area form: 43.84 (ambang: 12)
2026-09-18 06:21:16 [INFO]     --> Sukses Submit SKU: 10467622
2026-09-18 06:21:16 [INFO] [163/273] Memproses SKU: 10679247 | Request Stock: 10
2026-09-18 06:21:25 [INFO]     [DIFF] Skor perbedaan area form: 43.94 (ambang: 12)
2026-09-18 06:21:25 [INFO]     --> Sukses Submit SKU: 10679247
2026-09-18 06:21:25 [INFO] [164/273] Memproses SKU: 10688313 | Request Stock: 10
2026-09-18 06:21:33 [INFO]     [DIFF] Skor perbedaan area form: 43.99 (ambang: 12)
2026-09-18 06:21:33 [INFO]     --> Sukses Submit SKU: 10688313
2026-09-18 06:21:33 [INFO] [165/273] Memproses SKU: 10131105 | Request Stock: 10
2026-09-18 06:21:42 [INFO]     [DIFF] Skor perbedaan area form: 44.03 (ambang: 12)
2026-09-18 06:21:42 [INFO]     --> Sukses Submit SKU: 10131105
2026-09-18 06:21:42 [INFO] [166/273] Memproses SKU: 10433025 | Request Stock: 10
2026-09-18 06:21:51 [INFO]     [DIFF] Skor perbedaan area form: 43.72 (ambang: 12)
2026-09-18 06:21:51 [INFO]     --> Sukses Submit SKU: 10433025
2026-09-18 06:21:51 [INFO] [167/273] Memproses SKU: 10699039 | Request Stock: 10
2026-09-18 06:22:00 [INFO]     [DIFF] Skor perbedaan area form: 44.13 (ambang: 12)
2026-09-18 06:22:00 [INFO]     --> Sukses Submit SKU: 10699039
2026-09-18 06:22:00 [INFO] [168/273] Memproses SKU: 10573186 | Request Stock: 10
2026-09-18 06:22:08 [INFO]     [DIFF] Skor perbedaan area form: 43.97 (ambang: 12)
2026-09-18 06:22:08 [INFO]     --> Sukses Submit SKU: 10573186
2026-09-18 06:22:08 [INFO] [169/273] Memproses SKU: 10467616 | Request Stock: 10
2026-09-18 06:22:17 [INFO]     [DIFF] Skor perbedaan area form: 43.82 (ambang: 12)
2026-09-18 06:22:17 [INFO]     --> Sukses Submit SKU: 10467616
2026-09-18 06:22:17 [INFO] [170/273] Memproses SKU: 10467617 | Request Stock: 10
2026-09-18 06:22:26 [INFO]     [DIFF] Skor perbedaan area form: 43.82 (ambang: 12)
2026-09-18 06:22:26 [INFO]     --> Sukses Submit SKU: 10467617
2026-09-18 06:22:26 [INFO] [171/273] Memproses SKU: 10630640 | Request Stock: 10
2026-09-18 06:22:34 [INFO]     [DIFF] Skor perbedaan area form: 43.95 (ambang: 12)
2026-09-18 06:22:34 [INFO]     --> Sukses Submit SKU: 10630640
2026-09-18 06:22:34 [INFO] [172/273] Memproses SKU: 10699208 | Request Stock: 10
2026-09-18 06:22:43 [INFO]     [DIFF] Skor perbedaan area form: 43.83 (ambang: 12)
2026-09-18 06:22:43 [INFO]     --> Sukses Submit SKU: 10699208
2026-09-18 06:22:43 [INFO] [173/273] Memproses SKU: 10567163 | Request Stock: 10
2026-09-18 06:22:52 [INFO]     [DIFF] Skor perbedaan area form: 43.80 (ambang: 12)
2026-09-18 06:22:52 [INFO]     --> Sukses Submit SKU: 10567163
2026-09-18 06:22:52 [INFO] [174/273] Memproses SKU: 10699621 | Request Stock: 10
2026-09-18 06:23:01 [INFO]     [DIFF] Skor perbedaan area form: 43.99 (ambang: 12)
2026-09-18 06:23:01 [INFO]     --> Sukses Submit SKU: 10699621
2026-09-18 06:23:01 [INFO] [175/273] Memproses SKU: 10574301 | Request Stock: 10
2026-09-18 06:23:09 [INFO]     [DIFF] Skor perbedaan area form: 43.86 (ambang: 12)
2026-09-18 06:23:09 [INFO]     --> Sukses Submit SKU: 10574301
2026-09-18 06:23:09 [INFO] [176/273] Memproses SKU: 10565984 | Request Stock: 10
2026-09-18 06:23:18 [INFO]     [DIFF] Skor perbedaan area form: 43.95 (ambang: 12)
2026-09-18 06:23:18 [INFO]     --> Sukses Submit SKU: 10565984
2026-09-18 06:23:18 [INFO] [177/273] Memproses SKU: 10483156 | Request Stock: 10
2026-09-18 06:23:27 [INFO]     [DIFF] Skor perbedaan area form: 43.99 (ambang: 12)
2026-09-18 06:23:27 [INFO]     --> Sukses Submit SKU: 10483156
2026-09-18 06:23:27 [INFO] [178/273] Memproses SKU: 10558443 | Request Stock: 10
2026-09-18 06:23:36 [INFO]     [DIFF] Skor perbedaan area form: 43.84 (ambang: 12)
2026-09-18 06:23:36 [INFO]     --> Sukses Submit SKU: 10558443
2026-09-18 06:23:36 [INFO] [179/273] Memproses SKU: 10682851 | Request Stock: 10
2026-09-18 06:23:44 [INFO]     [DIFF] Skor perbedaan area form: 43.95 (ambang: 12)
2026-09-18 06:23:44 [INFO]     --> Sukses Submit SKU: 10682851
2026-09-18 06:23:44 [INFO] [180/273] Memproses SKU: 10674100 | Request Stock: 10
2026-09-18 06:23:53 [INFO]     [DIFF] Skor perbedaan area form: 43.90 (ambang: 12)
2026-09-18 06:23:53 [INFO]     --> Sukses Submit SKU: 10674100
2026-09-18 06:23:53 [INFO] [181/273] Memproses SKU: 10572126 | Request Stock: 10
2026-09-18 06:24:02 [INFO]     [DIFF] Skor perbedaan area form: 43.79 (ambang: 12)
2026-09-18 06:24:02 [INFO]     --> Sukses Submit SKU: 10572126
2026-09-18 06:24:02 [INFO] [182/273] Memproses SKU: 192934 | Request Stock: 10
2026-09-18 06:24:11 [INFO]     [DIFF] Skor perbedaan area form: 43.79 (ambang: 12)
2026-09-18 06:24:11 [INFO]     --> Sukses Submit SKU: 192934
2026-09-18 06:24:11 [INFO] [183/273] Memproses SKU: 10629691 | Request Stock: 10
2026-09-18 06:24:19 [INFO]     [DIFF] Skor perbedaan area form: 44.03 (ambang: 12)
2026-09-18 06:24:19 [INFO]     --> Sukses Submit SKU: 10629691
2026-09-18 06:24:19 [INFO] [184/273] Memproses SKU: 10596936 | Request Stock: 10
2026-09-18 06:24:28 [INFO]     [DIFF] Skor perbedaan area form: 43.92 (ambang: 12)
2026-09-18 06:24:28 [INFO]     --> Sukses Submit SKU: 10596936
2026-09-18 06:24:28 [INFO] [185/273] Memproses SKU: 10596935 | Request Stock: 10
2026-09-18 06:24:37 [INFO]     [DIFF] Skor perbedaan area form: 43.86 (ambang: 12)
2026-09-18 06:24:37 [INFO]     --> Sukses Submit SKU: 10596935
2026-09-18 06:24:37 [INFO] [186/273] Memproses SKU: 10467621 | Request Stock: 10
2026-09-18 06:24:45 [INFO]     [DIFF] Skor perbedaan area form: 43.77 (ambang: 12)
2026-09-18 06:24:45 [INFO]     --> Sukses Submit SKU: 10467621
2026-09-18 06:24:45 [INFO] [187/273] Memproses SKU: 10696028 | Request Stock: 10
2026-09-18 06:24:54 [INFO]     [DIFF] Skor perbedaan area form: 43.97 (ambang: 12)
2026-09-18 06:24:54 [INFO]     --> Sukses Submit SKU: 10696028
2026-09-18 06:24:54 [INFO] [188/273] Memproses SKU: 10669283 | Request Stock: 10
2026-09-18 06:25:03 [INFO]     [DIFF] Skor perbedaan area form: 43.84 (ambang: 12)
2026-09-18 06:25:03 [INFO]     --> Sukses Submit SKU: 10669283
2026-09-18 06:25:03 [INFO] [189/273] Memproses SKU: 10669282 | Request Stock: 10
2026-09-18 06:25:12 [INFO]     [DIFF] Skor perbedaan area form: 43.84 (ambang: 12)
2026-09-18 06:25:12 [INFO]     --> Sukses Submit SKU: 10669282
2026-09-18 06:25:12 [INFO] [190/273] Memproses SKU: 10569298 | Request Stock: 10
2026-09-18 06:25:20 [INFO]     [DIFF] Skor perbedaan area form: 44.02 (ambang: 12)
2026-09-18 06:25:20 [INFO]     --> Sukses Submit SKU: 10569298
2026-09-18 06:25:20 [INFO] [191/273] Memproses SKU: 10637951 | Request Stock: 10
2026-09-18 06:25:29 [INFO]     [DIFF] Skor perbedaan area form: 43.82 (ambang: 12)
2026-09-18 06:25:29 [INFO]     --> Sukses Submit SKU: 10637951
2026-09-18 06:25:29 [INFO] [192/273] Memproses SKU: 270107 | Request Stock: 10
2026-09-18 06:25:38 [INFO]     [DIFF] Skor perbedaan area form: 44.07 (ambang: 12)
2026-09-18 06:25:38 [INFO]     --> Sukses Submit SKU: 270107
2026-09-18 06:25:38 [INFO] [193/273] Memproses SKU: 10096736 | Request Stock: 10
2026-09-18 06:25:47 [INFO]     [DIFF] Skor perbedaan area form: 44.11 (ambang: 12)
2026-09-18 06:25:47 [INFO]     --> Sukses Submit SKU: 10096736
2026-09-18 06:25:47 [INFO] [194/273] Memproses SKU: 10568535 | Request Stock: 10
2026-09-18 06:25:55 [INFO]     [DIFF] Skor perbedaan area form: 43.98 (ambang: 12)
2026-09-18 06:25:55 [INFO]     --> Sukses Submit SKU: 10568535
2026-09-18 06:25:55 [INFO] [195/273] Memproses SKU: 10573185 | Request Stock: 10
2026-09-18 06:26:04 [INFO]     [DIFF] Skor perbedaan area form: 43.93 (ambang: 12)
2026-09-18 06:26:04 [INFO]     --> Sukses Submit SKU: 10573185
2026-09-18 06:26:04 [INFO] [196/273] Memproses SKU: 10086697 | Request Stock: 10
2026-09-18 06:26:13 [INFO]     [DIFF] Skor perbedaan area form: 43.85 (ambang: 12)
2026-09-18 06:26:13 [INFO]     --> Sukses Submit SKU: 10086697
2026-09-18 06:26:13 [INFO] [197/273] Memproses SKU: 10542146 | Request Stock: 10
2026-09-18 06:26:21 [INFO]     [DIFF] Skor perbedaan area form: 44.01 (ambang: 12)
2026-09-18 06:26:21 [INFO]     --> Sukses Submit SKU: 10542146
2026-09-18 06:26:21 [INFO] [198/273] Memproses SKU: 308155 | Request Stock: 10
2026-09-18 06:26:30 [INFO]     [DIFF] Skor perbedaan area form: 43.77 (ambang: 12)
2026-09-18 06:26:30 [INFO]     --> Sukses Submit SKU: 308155
2026-09-18 06:26:30 [INFO] [199/273] Memproses SKU: 10682858 | Request Stock: 10
2026-09-18 06:26:39 [INFO]     [DIFF] Skor perbedaan area form: 43.82 (ambang: 12)
2026-09-18 06:26:39 [INFO]     --> Sukses Submit SKU: 10682858
2026-09-18 06:26:39 [INFO] [200/273] Memproses SKU: 10699207 | Request Stock: 10
2026-09-18 06:26:48 [INFO]     [DIFF] Skor perbedaan area form: 43.83 (ambang: 12)
2026-09-18 06:26:48 [INFO]     --> Sukses Submit SKU: 10699207
2026-09-18 06:26:48 [INFO] [201/273] Memproses SKU: 10613758 | Request Stock: 10
2026-09-18 06:26:56 [INFO]     [DIFF] Skor perbedaan area form: 43.93 (ambang: 12)
2026-09-18 06:26:56 [INFO]     --> Sukses Submit SKU: 10613758
2026-09-18 06:26:56 [INFO] [202/273] Memproses SKU: 10567164 | Request Stock: 10
2026-09-18 06:27:05 [INFO]     [DIFF] Skor perbedaan area form: 43.96 (ambang: 12)
2026-09-18 06:27:05 [INFO]     --> Sukses Submit SKU: 10567164
2026-09-18 06:27:05 [INFO] [203/273] Memproses SKU: 10594729 | Request Stock: 10
2026-09-18 06:27:14 [INFO]     [DIFF] Skor perbedaan area form: 44.00 (ambang: 12)
2026-09-18 06:27:14 [INFO]     --> Sukses Submit SKU: 10594729
2026-09-18 06:27:14 [INFO] [204/273] Memproses SKU: 10691359 | Request Stock: 10
2026-09-18 06:27:22 [INFO]     [DIFF] Skor perbedaan area form: 43.87 (ambang: 12)
2026-09-18 06:27:22 [INFO]     --> Sukses Submit SKU: 10691359
2026-09-18 06:27:22 [INFO] [205/273] Memproses SKU: 10574302 | Request Stock: 10
2026-09-18 06:27:31 [INFO]     [DIFF] Skor perbedaan area form: 43.86 (ambang: 12)
2026-09-18 06:27:31 [INFO]     --> Sukses Submit SKU: 10574302
2026-09-18 06:27:31 [INFO] [206/273] Memproses SKU: 10635918 | Request Stock: 10
2026-09-18 06:27:40 [INFO]     [DIFF] Skor perbedaan area form: 43.85 (ambang: 12)
2026-09-18 06:27:40 [INFO]     --> Sukses Submit SKU: 10635918
2026-09-18 06:27:40 [INFO] [207/273] Memproses SKU: 10598432 | Request Stock: 10
2026-09-18 06:27:49 [INFO]     [DIFF] Skor perbedaan area form: 43.95 (ambang: 12)
2026-09-18 06:27:49 [INFO]     --> Sukses Submit SKU: 10598432
2026-09-18 06:27:49 [INFO] [208/273] Memproses SKU: 10552117 | Request Stock: 10
2026-09-18 06:27:57 [INFO]     [DIFF] Skor perbedaan area form: 44.00 (ambang: 12)
2026-09-18 06:27:57 [INFO]     --> Sukses Submit SKU: 10552117
2026-09-18 06:27:57 [INFO] [209/273] Memproses SKU: 10603084 | Request Stock: 10
2026-09-18 06:28:06 [INFO]     [DIFF] Skor perbedaan area form: 44.12 (ambang: 12)
2026-09-18 06:28:06 [INFO]     --> Sukses Submit SKU: 10603084
2026-09-18 06:28:06 [INFO] [210/273] Memproses SKU: 270113 | Request Stock: 10
2026-09-18 06:28:15 [INFO]     [DIFF] Skor perbedaan area form: 43.99 (ambang: 12)
2026-09-18 06:28:15 [INFO]     --> Sukses Submit SKU: 270113
2026-09-18 06:28:15 [INFO] [211/273] Memproses SKU: 10573470 | Request Stock: 10
2026-09-18 06:28:24 [INFO]     [DIFF] Skor perbedaan area form: 44.01 (ambang: 12)
2026-09-18 06:28:24 [INFO]     --> Sukses Submit SKU: 10573470
2026-09-18 06:28:24 [INFO] [212/273] Memproses SKU: 10567141 | Request Stock: 10
2026-09-18 06:28:32 [INFO]     [DIFF] Skor perbedaan area form: 43.93 (ambang: 12)
2026-09-18 06:28:32 [INFO]     --> Sukses Submit SKU: 10567141
2026-09-18 06:28:32 [INFO] [213/273] Memproses SKU: 10148525 | Request Stock: 10
2026-09-18 06:28:41 [INFO]     [DIFF] Skor perbedaan area form: 43.82 (ambang: 12)
2026-09-18 06:28:41 [INFO]     --> Sukses Submit SKU: 10148525
2026-09-18 06:28:41 [INFO] [214/273] Memproses SKU: 10438193 | Request Stock: 10
2026-09-18 06:28:50 [INFO]     [DIFF] Skor perbedaan area form: 43.92 (ambang: 12)
2026-09-18 06:28:50 [INFO]     --> Sukses Submit SKU: 10438193
2026-09-18 06:28:50 [INFO] [215/273] Memproses SKU: 10576364 | Request Stock: 10
2026-09-18 06:28:58 [INFO]     [DIFF] Skor perbedaan area form: 43.95 (ambang: 12)
2026-09-18 06:28:58 [INFO]     --> Sukses Submit SKU: 10576364
2026-09-18 06:28:58 [INFO] [216/273] Memproses SKU: 10588358 | Request Stock: 10
2026-09-18 06:29:07 [INFO]     [DIFF] Skor perbedaan area form: 44.00 (ambang: 12)
2026-09-18 06:29:07 [INFO]     --> Sukses Submit SKU: 10588358
2026-09-18 06:29:07 [INFO] [217/273] Memproses SKU: 10626678 | Request Stock: 10
2026-09-18 06:29:16 [INFO]     [DIFF] Skor perbedaan area form: 43.86 (ambang: 12)
2026-09-18 06:29:16 [INFO]     --> Sukses Submit SKU: 10626678
2026-09-18 06:29:16 [INFO] [218/273] Memproses SKU: 10552120 | Request Stock: 10
2026-09-18 06:29:25 [INFO]     [DIFF] Skor perbedaan area form: 43.92 (ambang: 12)
2026-09-18 06:29:25 [INFO]     --> Sukses Submit SKU: 10552120
2026-09-18 06:29:25 [INFO] [219/273] Memproses SKU: 10537767 | Request Stock: 10
2026-09-18 06:29:33 [INFO]     [DIFF] Skor perbedaan area form: 43.92 (ambang: 12)
2026-09-18 06:29:33 [INFO]     --> Sukses Submit SKU: 10537767
2026-09-18 06:29:33 [INFO] [220/273] Memproses SKU: 270108 | Request Stock: 10
2026-09-18 06:29:42 [INFO]     [DIFF] Skor perbedaan area form: 43.91 (ambang: 12)
2026-09-18 06:29:42 [INFO]     --> Sukses Submit SKU: 270108
2026-09-18 06:29:42 [INFO] [221/273] Memproses SKU: 10606845 | Request Stock: 10
2026-09-18 06:29:51 [INFO]     [DIFF] Skor perbedaan area form: 43.86 (ambang: 12)
2026-09-18 06:29:51 [INFO]     --> Sukses Submit SKU: 10606845
2026-09-18 06:29:51 [INFO] [222/273] Memproses SKU: 10680336 | Request Stock: 10
2026-09-18 06:29:59 [INFO]     [DIFF] Skor perbedaan area form: 43.90 (ambang: 12)
2026-09-18 06:29:59 [INFO]     --> Sukses Submit SKU: 10680336
2026-09-18 06:29:59 [INFO] [223/273] Memproses SKU: 270112 | Request Stock: 10
2026-09-18 06:30:08 [INFO]     [DIFF] Skor perbedaan area form: 10.61 (ambang: 12)
2026-09-18 06:30:08 [WARNING]     [X] Gagal input SKU 270112 (percobaan 1/3): Verifikasi OCR/screenshot-diff mendeteksi submit GAGAL.
2026-09-18 06:30:19 [INFO]     [DIFF] Skor perbedaan area form: 43.84 (ambang: 12)
2026-09-18 06:30:19 [INFO]     --> Sukses Submit SKU: 270112
2026-09-18 06:30:19 [INFO] [224/273] Memproses SKU: 262895 | Request Stock: 10
2026-09-18 06:30:28 [INFO]     [DIFF] Skor perbedaan area form: 43.97 (ambang: 12)
2026-09-18 06:30:28 [INFO]     --> Sukses Submit SKU: 262895
2026-09-18 06:30:28 [INFO] [225/273] Memproses SKU: 10573148 | Request Stock: 10
2026-09-18 06:30:36 [INFO]     [DIFF] Skor perbedaan area form: 0.00 (ambang: 12)
2026-09-18 06:30:36 [WARNING]     [X] Gagal input SKU 10573148 (percobaan 1/3): Verifikasi OCR/screenshot-diff mendeteksi submit GAGAL.
2026-09-18 06:30:47 [INFO]     [DIFF] Skor perbedaan area form: 43.76 (ambang: 12)
2026-09-18 06:30:47 [INFO]     --> Sukses Submit SKU: 10573148
2026-09-18 06:30:47 [INFO] [226/273] Memproses SKU: 10540088 | Request Stock: 10
2026-09-18 06:30:56 [INFO]     [DIFF] Skor perbedaan area form: 43.90 (ambang: 12)
2026-09-18 06:30:56 [INFO]     --> Sukses Submit SKU: 10540088
2026-09-18 06:30:56 [INFO] [227/273] Memproses SKU: 10572130 | Request Stock: 10
2026-09-18 06:31:05 [INFO]     [DIFF] Skor perbedaan area form: 43.89 (ambang: 12)
2026-09-18 06:31:05 [INFO]     --> Sukses Submit SKU: 10572130
2026-09-18 06:31:05 [INFO] [228/273] Memproses SKU: 10554951 | Request Stock: 10
2026-09-18 06:31:13 [INFO]     [DIFF] Skor perbedaan area form: 43.77 (ambang: 12)
2026-09-18 06:31:13 [INFO]     --> Sukses Submit SKU: 10554951
2026-09-18 06:31:13 [INFO] [229/273] Memproses SKU: 10691358 | Request Stock: 10
2026-09-18 06:31:22 [INFO]     [DIFF] Skor perbedaan area form: 43.87 (ambang: 12)
2026-09-18 06:31:22 [INFO]     --> Sukses Submit SKU: 10691358
2026-09-18 06:31:22 [INFO] [230/273] Memproses SKU: 10621079 | Request Stock: 10
2026-09-18 06:31:31 [INFO]     [DIFF] Skor perbedaan area form: 43.96 (ambang: 12)
2026-09-18 06:31:31 [INFO]     --> Sukses Submit SKU: 10621079
2026-09-18 06:31:31 [INFO] [231/273] Memproses SKU: 10467614 | Request Stock: 10
2026-09-18 06:31:39 [INFO]     [DIFF] Skor perbedaan area form: 43.77 (ambang: 12)
2026-09-18 06:31:39 [INFO]     --> Sukses Submit SKU: 10467614
2026-09-18 06:31:39 [INFO] [232/273] Memproses SKU: 242855 | Request Stock: 10
2026-09-18 06:31:48 [INFO]     [DIFF] Skor perbedaan area form: 43.90 (ambang: 12)
2026-09-18 06:31:48 [INFO]     --> Sukses Submit SKU: 242855
2026-09-18 06:31:48 [INFO] [233/273] Memproses SKU: 269977 | Request Stock: 10
2026-09-18 06:31:57 [INFO]     [DIFF] Skor perbedaan area form: 43.90 (ambang: 12)
2026-09-18 06:31:57 [INFO]     --> Sukses Submit SKU: 269977
2026-09-18 06:31:57 [INFO] [234/273] Memproses SKU: 10591036 | Request Stock: 10
2026-09-18 06:32:06 [INFO]     [DIFF] Skor perbedaan area form: 43.87 (ambang: 12)
2026-09-18 06:32:06 [INFO]     --> Sukses Submit SKU: 10591036
2026-09-18 06:32:06 [INFO] [235/273] Memproses SKU: 10572586 | Request Stock: 10
2026-09-18 06:32:14 [INFO]     [DIFF] Skor perbedaan area form: 0.22 (ambang: 12)
2026-09-18 06:32:14 [WARNING]     [X] Gagal input SKU 10572586 (percobaan 1/3): Verifikasi OCR/screenshot-diff mendeteksi submit GAGAL.
2026-09-18 06:32:25 [INFO]     [DIFF] Skor perbedaan area form: 43.92 (ambang: 12)
2026-09-18 06:32:25 [INFO]     --> Sukses Submit SKU: 10572586
2026-09-18 06:32:25 [INFO] [236/273] Memproses SKU: 10595848 | Request Stock: 10
2026-09-18 06:32:34 [INFO]     [DIFF] Skor perbedaan area form: 43.74 (ambang: 12)
2026-09-18 06:32:34 [INFO]     --> Sukses Submit SKU: 10595848
2026-09-18 06:32:34 [INFO] [237/273] Memproses SKU: 10598943 | Request Stock: 10
2026-09-18 06:32:43 [INFO]     [DIFF] Skor perbedaan area form: 43.87 (ambang: 12)
2026-09-18 06:32:43 [INFO]     --> Sukses Submit SKU: 10598943
2026-09-18 06:32:43 [INFO] [238/273] Memproses SKU: 10593941 | Request Stock: 10
2026-09-18 06:32:51 [INFO]     [DIFF] Skor perbedaan area form: 43.88 (ambang: 12)
2026-09-18 06:32:51 [INFO]     --> Sukses Submit SKU: 10593941
2026-09-18 06:32:51 [INFO] [239/273] Memproses SKU: 10603368 | Request Stock: 10
2026-09-18 06:33:00 [INFO]     [DIFF] Skor perbedaan area form: 43.84 (ambang: 12)
2026-09-18 06:33:00 [INFO]     --> Sukses Submit SKU: 10603368
2026-09-18 06:33:00 [INFO] [240/273] Memproses SKU: 201720 | Request Stock: 10
2026-09-18 06:33:09 [INFO]     [DIFF] Skor perbedaan area form: 43.93 (ambang: 12)
2026-09-18 06:33:09 [INFO]     --> Sukses Submit SKU: 201720
2026-09-18 06:33:09 [INFO] [241/273] Memproses SKU: 10701677 | Request Stock: 10
2026-09-18 06:33:17 [INFO]     [DIFF] Skor perbedaan area form: 43.91 (ambang: 12)
2026-09-18 06:33:17 [INFO]     --> Sukses Submit SKU: 10701677
2026-09-18 06:33:17 [INFO] [242/273] Memproses SKU: 10150075 | Request Stock: 10
2026-09-18 06:33:26 [INFO]     [DIFF] Skor perbedaan area form: 43.94 (ambang: 12)
2026-09-18 06:33:26 [INFO]     --> Sukses Submit SKU: 10150075
2026-09-18 06:33:26 [INFO] [243/273] Memproses SKU: 242854 | Request Stock: 10
2026-09-18 06:33:35 [INFO]     [DIFF] Skor perbedaan area form: 43.90 (ambang: 12)
2026-09-18 06:33:35 [INFO]     --> Sukses Submit SKU: 242854
2026-09-18 06:33:35 [INFO] [244/273] Memproses SKU: 10640278 | Request Stock: 10
2026-09-18 06:33:44 [INFO]     [DIFF] Skor perbedaan area form: 43.86 (ambang: 12)
2026-09-18 06:33:44 [INFO]     --> Sukses Submit SKU: 10640278
2026-09-18 06:33:44 [INFO] [245/273] Memproses SKU: 10523872 | Request Stock: 10
2026-09-18 06:33:52 [INFO]     [DIFF] Skor perbedaan area form: 43.78 (ambang: 12)
2026-09-18 06:33:52 [INFO]     --> Sukses Submit SKU: 10523872
2026-09-18 06:33:52 [INFO] [246/273] Memproses SKU: 10607804 | Request Stock: 10
2026-09-18 06:34:01 [INFO]     [DIFF] Skor perbedaan area form: 43.82 (ambang: 12)
2026-09-18 06:34:01 [INFO]     --> Sukses Submit SKU: 10607804
2026-09-18 06:34:01 [INFO] [247/273] Memproses SKU: 10669280 | Request Stock: 10
2026-09-18 06:34:10 [INFO]     [DIFF] Skor perbedaan area form: 43.74 (ambang: 12)
2026-09-18 06:34:10 [INFO]     --> Sukses Submit SKU: 10669280
2026-09-18 06:34:10 [INFO] [248/273] Memproses SKU: 10691449 | Request Stock: 10
2026-09-18 06:34:18 [INFO]     [DIFF] Skor perbedaan area form: 43.88 (ambang: 12)
2026-09-18 06:34:18 [INFO]     --> Sukses Submit SKU: 10691449
2026-09-18 06:34:18 [INFO] [249/273] Memproses SKU: 10600360 | Request Stock: 10
2026-09-18 06:34:27 [INFO]     [DIFF] Skor perbedaan area form: 43.92 (ambang: 12)
2026-09-18 06:34:27 [INFO]     --> Sukses Submit SKU: 10600360
2026-09-18 06:34:27 [INFO] [250/273] Memproses SKU: 10576363 | Request Stock: 10
2026-09-18 06:34:36 [INFO]     [DIFF] Skor perbedaan area form: 44.06 (ambang: 12)
2026-09-18 06:34:36 [INFO]     --> Sukses Submit SKU: 10576363
2026-09-18 06:34:36 [INFO] [251/273] Memproses SKU: 10603111 | Request Stock: 10
2026-09-18 06:34:45 [INFO]     [DIFF] Skor perbedaan area form: 43.87 (ambang: 12)
2026-09-18 06:34:45 [INFO]     --> Sukses Submit SKU: 10603111
2026-09-18 06:34:45 [INFO] [252/273] Memproses SKU: 10682859 | Request Stock: 10
2026-09-18 06:34:53 [INFO]     [DIFF] Skor perbedaan area form: 43.82 (ambang: 12)
2026-09-18 06:34:53 [INFO]     --> Sukses Submit SKU: 10682859
2026-09-18 06:34:53 [INFO] [253/273] Memproses SKU: 10572125 | Request Stock: 10
2026-09-18 06:35:02 [INFO]     [DIFF] Skor perbedaan area form: 43.79 (ambang: 12)
2026-09-18 06:35:02 [INFO]     --> Sukses Submit SKU: 10572125
2026-09-18 06:35:02 [INFO] [254/273] Memproses SKU: 10470060 | Request Stock: 10
2026-09-18 06:35:11 [INFO]     [DIFF] Skor perbedaan area form: 44.12 (ambang: 12)
2026-09-18 06:35:11 [INFO]     --> Sukses Submit SKU: 10470060
2026-09-18 06:35:11 [INFO] [255/273] Memproses SKU: 10470059 | Request Stock: 10
2026-09-18 06:35:20 [INFO]     [DIFF] Skor perbedaan area form: 44.12 (ambang: 12)
2026-09-18 06:35:20 [INFO]     --> Sukses Submit SKU: 10470059
2026-09-18 06:35:20 [INFO] [256/273] Memproses SKU: 10131067 | Request Stock: 10
2026-09-18 06:35:28 [INFO]     [DIFF] Skor perbedaan area form: 43.91 (ambang: 12)
2026-09-18 06:35:28 [INFO]     --> Sukses Submit SKU: 10131067
2026-09-18 06:35:28 [INFO] [257/273] Memproses SKU: 10207168 | Request Stock: 10
2026-09-18 06:35:37 [INFO]     [DIFF] Skor perbedaan area form: 43.91 (ambang: 12)
2026-09-18 06:35:37 [INFO]     --> Sukses Submit SKU: 10207168
2026-09-18 06:35:37 [INFO] [258/273] Memproses SKU: 10565984 | Request Stock: 10
2026-09-18 06:35:46 [INFO]     [DIFF] Skor perbedaan area form: 43.95 (ambang: 12)
2026-09-18 06:35:46 [INFO]     --> Sukses Submit SKU: 10565984
2026-09-18 06:35:46 [INFO] [259/273] Memproses SKU: 10635407 | Request Stock: 10
2026-09-18 06:35:54 [INFO]     [DIFF] Skor perbedaan area form: 43.95 (ambang: 12)
2026-09-18 06:35:54 [INFO]     --> Sukses Submit SKU: 10635407
2026-09-18 06:35:54 [INFO] [260/273] Memproses SKU: 10677305 | Request Stock: 10
2026-09-18 06:36:03 [INFO]     [DIFF] Skor perbedaan area form: 43.87 (ambang: 12)
2026-09-18 06:36:03 [INFO]     --> Sukses Submit SKU: 10677305
2026-09-18 06:36:03 [INFO] [261/273] Memproses SKU: 10470060 | Request Stock: 10
2026-09-18 06:36:12 [INFO]     [DIFF] Skor perbedaan area form: 44.12 (ambang: 12)
2026-09-18 06:36:12 [INFO]     --> Sukses Submit SKU: 10470060
2026-09-18 06:36:12 [INFO] [262/273] Memproses SKU: 10552077 | Request Stock: 10
2026-09-18 06:36:21 [INFO]     [DIFF] Skor perbedaan area form: 43.96 (ambang: 12)
2026-09-18 06:36:21 [INFO]     --> Sukses Submit SKU: 10552077
2026-09-18 06:36:21 [INFO] [263/273] Memproses SKU: 10724821 | Request Stock: 10
2026-09-18 06:36:29 [INFO]     [DIFF] Skor perbedaan area form: 43.97 (ambang: 12)
2026-09-18 06:36:29 [INFO]     --> Sukses Submit SKU: 10724821
2026-09-18 06:36:29 [INFO] [264/273] Memproses SKU: 10724820 | Request Stock: 10
2026-09-18 06:36:38 [INFO]     [DIFF] Skor perbedaan area form: 43.97 (ambang: 12)
2026-09-18 06:36:38 [INFO]     --> Sukses Submit SKU: 10724820
2026-09-18 06:36:38 [INFO] [265/273] Memproses SKU: 10177549 | Request Stock: 10
2026-09-18 06:36:47 [INFO]     [DIFF] Skor perbedaan area form: 43.92 (ambang: 12)
2026-09-18 06:36:47 [INFO]     --> Sukses Submit SKU: 10177549
2026-09-18 06:36:47 [INFO] [266/273] Memproses SKU: 10675373 | Request Stock: 10
2026-09-18 06:36:55 [INFO]     [DIFF] Skor perbedaan area form: 44.01 (ambang: 12)
2026-09-18 06:36:55 [INFO]     --> Sukses Submit SKU: 10675373
2026-09-18 06:36:55 [INFO] [267/273] Memproses SKU: 10617987 | Request Stock: 10
2026-09-18 06:37:04 [INFO]     [DIFF] Skor perbedaan area form: 43.85 (ambang: 12)
2026-09-18 06:37:04 [INFO]     --> Sukses Submit SKU: 10617987
2026-09-18 06:37:04 [INFO] [268/273] Memproses SKU: 10573383 | Request Stock: 10
2026-09-18 06:37:13 [INFO]     [DIFF] Skor perbedaan area form: 43.98 (ambang: 12)
2026-09-18 06:37:13 [INFO]     --> Sukses Submit SKU: 10573383
2026-09-18 06:37:13 [INFO] [269/273] Memproses SKU: 294134 | Request Stock: 10
2026-09-18 06:37:22 [INFO]     [DIFF] Skor perbedaan area form: 43.93 (ambang: 12)
2026-09-18 06:37:22 [INFO]     --> Sukses Submit SKU: 294134
2026-09-18 06:37:22 [INFO] [270/273] Memproses SKU: 10476868 | Request Stock: 10
2026-09-18 06:37:30 [INFO]     [DIFF] Skor perbedaan area form: 43.95 (ambang: 12)
2026-09-18 06:37:30 [INFO]     --> Sukses Submit SKU: 10476868
2026-09-18 06:37:30 [INFO] [271/273] Memproses SKU: 10470817 | Request Stock: 10
2026-09-18 06:37:39 [INFO]     [DIFF] Skor perbedaan area form: 43.96 (ambang: 12)
2026-09-18 06:37:39 [INFO]     --> Sukses Submit SKU: 10470817
2026-09-18 06:37:39 [INFO] [272/273] Memproses SKU: 10467437 | Request Stock: 10
2026-09-18 06:37:48 [INFO]     [DIFF] Skor perbedaan area form: 43.95 (ambang: 12)
2026-09-18 06:37:48 [INFO]     --> Sukses Submit SKU: 10467437
2026-09-18 06:37:48 [INFO] [273/273] Memproses SKU: 10475184 | Request Stock: 10
2026-09-18 06:37:57 [INFO]     [DIFF] Skor perbedaan area form: 0.22 (ambang: 12)
2026-09-18 06:37:57 [WARNING]     [X] Gagal input SKU 10475184 (percobaan 1/3): Verifikasi OCR/screenshot-diff mendeteksi submit GAGAL.
2026-09-18 06:38:07 [INFO]     [DIFF] Skor perbedaan area form: 43.93 (ambang: 12)
2026-09-18 06:38:07 [INFO]     --> Sukses Submit SKU: 10475184
2026-09-18 06:38:07 [INFO] ============================================================
2026-09-18 06:38:07 [INFO]  SUCCESS: Semua data SKU di Excel telah berhasil diinput!
2026-09-18 06:38:07 [INFO] ============================================================
2026-09-18 06:51:11 [INFO] ============================================================
2026-09-18 06:51:11 [INFO] SESI BARU DIMULAI
2026-09-18 06:51:11 [INFO] ============================================================
2026-09-18 06:51:11 [INFO] Total SKU pada file Excel: 273 item
2026-09-18 06:51:11 [INFO] [*] Memeriksa apakah aplikasi target sudah terbuka...
2026-09-18 06:51:11 [INFO] [+] Aplikasi sudah terbuka dan terdeteksi di layar.
2026-09-18 06:51:11 [INFO] [*] Menjalankan auto-kalibrasi (mendeteksi posisi elemen di aplikasi)...
2026-09-18 06:51:11 [WARNING]     [!] Template untuk 'Kolom 'Cari SKU'' belum ada -> perlu kalibrasi manual.
2026-09-18 06:51:11 [WARNING]     [!] Template untuk 'Kolom 'Request Stock'' belum ada -> perlu kalibrasi manual.
2026-09-18 06:51:11 [WARNING]     [!] Template untuk 'Tombol 'Submit'' belum ada -> perlu kalibrasi manual.
2026-09-18 06:51:11 [INFO] [~] Auto-kalibrasi sebagian: elemen gagal terdeteksi memakai posisi tersimpan.
2026-09-18 06:51:11 [INFO] Penginputan otomatis dimulai dalam 3 detik...
2026-09-18 06:51:11 [INFO] Mulai dalam 3...
2026-09-18 06:51:12 [INFO] Mulai dalam 2...
2026-09-18 06:51:13 [INFO] Mulai dalam 1...
2026-09-18 06:51:14 [INFO] [+] Memulai penginputan data otomatis dari SKU ke-1...
2026-09-18 06:51:14 [INFO] [1/273] Memproses SKU: 10710218 | Request Stock: 10
2026-09-18 06:51:23 [INFO]     [DIFF] Skor perbedaan area form: 43.99 (ambang: 12)
2026-09-18 06:51:23 [INFO]     --> Sukses Submit SKU: 10710218
2026-09-18 06:51:23 [INFO] [2/273] Memproses SKU: 10564467 | Request Stock: 10
2026-09-18 06:51:30 [INFO] || DIJEDA. Klik Lanjutkan untuk melanjutkan penginputan...
2026-09-18 06:51:30 [INFO] >> DILANJUTKAN. Melanjutkan penginputan...
2026-09-18 06:51:32 [WARNING]     [!] Jendela target tidak sedang aktif (percobaan 1/3). Fokus ulang...
2026-09-18 06:51:32 [INFO]     [DIFF] Skor perbedaan area form: 43.71 (ambang: 12)
2026-09-18 06:51:32 [INFO]     --> Sukses Submit SKU: 10564467
2026-09-18 06:51:32 [INFO] [3/273] Memproses SKU: 10605802 | Request Stock: 10
2026-09-18 06:51:40 [WARNING] [!] PROSES DIHENTIKAN OLEH PENGGUNA.
2026-09-18 06:51:40 [INFO]     Progress sudah tersimpan, klik Mulai lagi untuk melanjutkan.
2026-09-18 16:14:44 [INFO] [+] Ditangkap & disimpan: Kolom 'Cari SKU' = (0.2455, 0.2561)
2026-09-18 16:14:55 [INFO] [+] Ditangkap & disimpan: Kolom 'Request Stock' = (0.4376, 0.4966)
2026-09-18 16:15:00 [INFO] [+] Ditangkap & disimpan: Tombol 'Submit' = (0.4693, 0.5908)
2026-09-18 16:15:00 [INFO] [+] Kalibrasi manual selesai. Semua posisi sudah tersimpan.
2026-09-18 16:15:40 [INFO] ============================================================
2026-09-18 16:15:40 [INFO] SESI BARU DIMULAI
2026-09-18 16:15:40 [INFO] ============================================================
2026-09-18 16:15:40 [INFO] Total SKU pada file Excel: 273 item
2026-09-18 16:15:40 [INFO] [*] Memeriksa apakah aplikasi target sudah terbuka...
2026-09-18 16:15:41 [INFO] [+] Aplikasi sudah terbuka dan terdeteksi di layar.
2026-09-18 16:15:41 [INFO] [*] Menjalankan auto-kalibrasi (mendeteksi posisi elemen di aplikasi)...
2026-09-18 16:15:41 [INFO]     [+] 'Kolom 'Cari SKU'' terdeteksi, skor=0.88 -> posisi (0.4574, 0.2561)
2026-09-18 16:15:41 [INFO]     [+] 'Kolom 'Request Stock'' terdeteksi, skor=1.00 -> posisi (0.4376, 0.4966)
2026-09-18 16:15:41 [INFO]     [+] 'Tombol 'Submit'' terdeteksi, skor=1.00 -> posisi (0.4693, 0.5908)
2026-09-18 16:15:41 [INFO] [+] Auto-kalibrasi selesai, posisi klik disesuaikan & disimpan.
2026-09-18 16:15:41 [INFO] Penginputan otomatis dimulai dalam 3 detik...
2026-09-18 16:15:41 [INFO] Mulai dalam 3...
2026-09-18 16:15:42 [INFO] Mulai dalam 2...
2026-09-18 16:15:43 [INFO] Mulai dalam 1...
2026-09-18 16:15:44 [INFO] [+] Memulai penginputan data otomatis dari SKU ke-1...
2026-09-18 16:15:44 [INFO] [1/273] Memproses SKU: 10710218 | Request Stock: 10
2026-09-18 16:15:53 [INFO]     [DIFF] Skor perbedaan area form: 0.00 (ambang: 12)
2026-09-18 16:15:53 [WARNING]     [X] Gagal input SKU 10710218 (percobaan 1/3): Verifikasi OCR/screenshot-diff mendeteksi submit GAGAL.
2026-09-18 16:16:04 [INFO]     [DIFF] Skor perbedaan area form: 0.00 (ambang: 12)
2026-09-18 16:16:04 [WARNING]     [X] Gagal input SKU 10710218 (percobaan 2/3): Verifikasi OCR/screenshot-diff mendeteksi submit GAGAL.
2026-09-18 16:16:12 [INFO] || DIJEDA. Klik Lanjutkan untuk melanjutkan penginputan...
2026-09-18 16:17:35 [WARNING] [!] PROSES DIHENTIKAN OLEH PENGGUNA.
2026-09-18 16:17:35 [INFO]     Progress sudah tersimpan, klik Mulai lagi untuk melanjutkan.
2026-09-18 16:20:36 [INFO] ============================================================
2026-09-18 16:20:36 [INFO] SESI BARU DIMULAI
2026-09-18 16:20:36 [INFO] ============================================================
2026-09-18 16:20:36 [INFO] Total SKU pada file Excel: 273 item
2026-09-18 16:20:36 [INFO] [*] Memeriksa apakah aplikasi target sudah terbuka...
2026-09-18 16:20:36 [INFO] [+] Aplikasi sudah terbuka dan terdeteksi di layar.
2026-09-18 16:20:36 [INFO] [*] Menjalankan auto-kalibrasi (mendeteksi posisi elemen di aplikasi)...
2026-09-18 16:20:36 [INFO]     [+] 'Kolom 'Cari SKU'' terdeteksi, skor=0.88 -> posisi (0.6475, 0.2561)
2026-09-18 16:20:36 [WARNING]     [!] 'Kolom 'Request Stock'' tidak terdeteksi yakin (skor=0.43). Pakai posisi lama.
2026-09-18 16:20:37 [WARNING]     [!] 'Tombol 'Submit'' tidak terdeteksi yakin (skor=0.29). Pakai posisi lama.
2026-09-18 16:20:37 [INFO] [+] Auto-kalibrasi selesai, posisi klik disesuaikan & disimpan.
2026-09-18 16:20:37 [INFO] Penginputan otomatis dimulai dalam 3 detik...
2026-09-18 16:20:37 [INFO] Mulai dalam 3...
2026-09-18 16:20:38 [INFO] Mulai dalam 2...
2026-09-18 16:20:39 [INFO] Mulai dalam 1...
2026-09-18 16:20:40 [INFO] [+] Memulai penginputan data otomatis dari SKU ke-1...
2026-09-18 16:20:40 [INFO] [1/273] Memproses SKU: 10710218 | Request Stock: 10
2026-09-18 16:20:49 [INFO]     [DIFF] Skor perbedaan area form: 43.99 (ambang: 12)
2026-09-18 16:20:49 [INFO]     --> Sukses Submit SKU: 10710218
2026-09-18 16:20:49 [INFO] [2/273] Memproses SKU: 10564467 | Request Stock: 10
2026-09-18 16:20:54 [INFO] || DIJEDA. Klik Lanjutkan untuk melanjutkan penginputan...
2026-09-18 16:21:00 [INFO] >> DILANJUTKAN. Melanjutkan penginputan...
2026-09-18 16:21:00 [WARNING]     [!] Jendela target tidak sedang aktif (percobaan 1/3). Fokus ulang...
2026-09-18 16:21:04 [INFO]     [DIFF] Skor perbedaan area form: 43.50 (ambang: 12)
2026-09-18 16:21:04 [INFO]     --> Sukses Submit SKU: 10564467
2026-09-18 16:21:04 [INFO] [3/273] Memproses SKU: 10605802 | Request Stock: 10
2026-09-18 16:21:13 [INFO]     [DIFF] Skor perbedaan area form: 43.87 (ambang: 12)
2026-09-18 16:21:13 [INFO]     --> Sukses Submit SKU: 10605802
2026-09-18 16:21:13 [INFO] [4/273] Memproses SKU: 10706500 | Request Stock: 10
2026-09-18 16:21:20 [WARNING] [!] PROSES DIHENTIKAN OLEH PENGGUNA.
2026-09-18 16:21:20 [INFO]     Progress sudah tersimpan, klik Mulai lagi untuk melanjutkan.
